[sea.newchic.com/index.html]
[backblue.gif]
[fade.gif]
[index.html]
[dccss.banggood.com/dc/release/ncdc19c0.js]
[static.chiccdn.com/web/js/newchic.record19c0.js]
[static.chiccdn.com/web/js/jquery-1.9.1.min19c0.js]
[sea.newchic.com/cache/static_cache/currency_huilv19c0.js]
[static.chiccdn.com/web/build/common/requirejs/require.js]
[static.chiccdn.com/web/assets/images/common/logo_small.jpg]
[static.chiccdn.com/web/build/common/common.e6e367b4.css]
[static.chiccdn.com/web/build/pages/index/index.bd16bd39.css]
[sea.newchic.com/tempages-Newchic-6th-anniversary-sale/tid-1065976fb.html]
[imgaz1.chiccdn.com/os/202008/20200821020046_952.gif]
[imgaz1.chiccdn.com/os/202008/20200817034517_985.gif]
[sea.newchic.com/fill-out-the-form9.html]
[static.chiccdn.com/web/assets/images/header/hot_orange.png]
[sea.newchic.com/new-arrivals/index9d65.html]
[sea.newchic.com/new-arrivals/shoes-3580/index9292.html]
[sea.newchic.com/new-arrivals/jewelry-and-watch-4040/index9292.html]
[sea.newchic.com/new-arrivals/kids-and-mom-4565/index9292.html]
[sea.newchic.com/new-arrivals/bags-3579/index9292.html]
[sea.newchic.com/tempages-New-Arrivals-Special-Offer/tid-393501af.html]
[sea.newchic.com/pc-fashion-collection/86733669.html]
[sea.newchic.com/tempages-New-Arrivals-Trending/tid-39503e34.html]
[sea.newchic.com/tempages-New-in-Bags/tid-3951d146.html]
[sea.newchic.com/fashion-collection/103523622.html]
[sea.newchic.com/tempages-Newchic-6th-anniversary-Saving-Tips/tid-9565b3b8.html]
[sea.newchic.com/theme-long-sleeve-in-t-341065/index.html]
[sea.newchic.com/tempages-Cool-Day-Sale/tid-11298cdb8.html]
[sea.newchic.com/new-arrivals/mens-clothing-3581/index.html]
[sea.newchic.com/charmkpr-brand-39ec31.html]
[sea.newchic.com/charmkpr-brand-397fe8.html]
[sea.newchic.com/tempages-Women-Swimsuit-Sale/tid-7963f3fc.html]
[sea.newchic.com/theme-vintage-style-t-331063/index.html]
[sea.newchic.com/gracila-brand-2478168.html]
[sea.newchic.com/tempages-Women_s--Chic-Clothing/tid-1003416df.html]
[sea.newchic.com/gracila-brand-2470af2.html]
[sea.newchic.com/fashion-collection/735.html]
[sea.newchic.com/tempages-season-sale-for-women-shoes/tid-107764763.html]
[static.chiccdn.com/web/assets/images/header/new_orange.png]
[sea.newchic.com/theme-home-slippers-t-335170/index.html]
[sea.newchic.com/nc/mens-waterproof-boots.html]
[sea.newchic.com/nc/slip-on-sneakers.html]
[sea.newchic.com/menico-brand-17163e1f.html]
[sea.newchic.com/socofy-brand-2988180.html]
[sea.newchic.com/tempages-Garden-Supplies/tid-7572050c.html]
[sea.newchic.com/tempages-New-Arrival/tid-98975d58.html]
[sea.newchic.com/tempages-Jewelry/tid-74967d0a.html]
[sea.newchic.com/tempages-KIDS-RESORT-2020/tid-69496997.html]
[imgaz1.chiccdn.com/os/202008/20200817031634_425.jpg]
[sea.newchic.com/tempages-New-User-Exclusive-Offer/tid-7830e4ed.html]
[sea.newchic.com/tempages-COD-and-Freeshipping/tid-73604ee1.html]
[imgaz1.chiccdn.com/os/202008/20200821004750_465.jpg]
[sea.newchic.com/tempages-Newchic-6th-anniversary-sale/tid-1065923b9.html]
[sea.newchic.com/tempages-young-age/tid-11480c1e9.html]
[imgaz1.chiccdn.com/os/202009/20200901011940_706.jpg]
[sea.newchic.com/tempages-Cool-Day-Sale/tid-112983d7e.html]
[imgaz1.chiccdn.com/os/202009/20200901204340_176.jpg]
[sea.newchic.com/tempages-season-sale-for-women-shoes/tid-10776d8ed.html]
[imgaz1.chiccdn.com/os/202008/20200806204454_584.jpg]
[sea.newchic.com/tempages-Newchic-6th-anniversary-Saving-Tips/tid-95654ccc.html]
[imgaz1.chiccdn.com/os/202008/20200830222946_238.jpg]
[imgaz1.chiccdn.com/os/202007/20200721010144_150.jpg]
[sea.newchic.com/theme-new-arrival-for-men-t-333662/index1d4e.html]
[sea.newchic.com/theme-new-arrival-for-women-t-333659/indexae4e.html]
[sea.newchic.com/theme-new-at-home-t-333666/indexcbbe.html]
[sea.newchic.com/tempages-Pre-Order-Big-Sale/tid-475412bd.html]
[sea.newchic.com/gracila-brand-247cfa6.html]
[sea.newchic.com/socofy-brand-298d39e.html]
[sea.newchic.com/o-newe-brand-4657428.html]
[imgaz1.chiccdn.com/os/202008/20200830222735_105.jpg]
[sea.newchic.com/blouses-and-shirts-3689/p-1721509caf5.html]
[sea.newchic.com/mens-backpacks-3621/p-1192615caf5.html]
[sea.newchic.com/gracila-pants-and-capris-3674/p-1617649caf5.html]
[sea.newchic.com/womens-boots-3599/p-1726452caf5.html]
[sea.newchic.com/gracila-t-shirts-3666/p-1660210caf5.html]
[sea.newchic.com/pants-and-capris-3674/p-1665028caf5.html]
[sea.newchic.com/couple-bracelets-6148/p-1727537caf5.html]
[sea.newchic.com/socofy-flats-3615/p-1704416caf5.html]
[sea.newchic.com/print-dresses-3677/p-1713033caf5.html]
[sea.newchic.com/henley-shirts-12211/p-1676437caf5.html]
[sea.newchic.com/henley-shirts-12211/p-1361733caf5.html]
[sea.newchic.com/charmkpr-shirts-12209/p-1727997caf5.html]
[sea.newchic.com/charmkpr-shirts-12209/p-1727998caf5.html]
[sea.newchic.com/boxer-briefs-4979/p-1160528caf5.html]
[sea.newchic.com/charmkpr-shirts-12209/p-1662372caf5.html]
[sea.newchic.com/charmkpr-shirts-12209/p-1644753caf5.html]
[sea.newchic.com/henley-shirts-12211/p-1439022caf5.html]
[sea.newchic.com/charmkpr-shirts-12209/p-1728000caf5.html]
[sea.newchic.com/shirts-12209/p-1720022caf5.html]
[sea.newchic.com/incerun-pajama-bottoms-12179/p-1375056caf5.html]
[sea.newchic.com/blouses-and-shirts-3689/p-1691048caf5.html]
[sea.newchic.com/flats-3616/p-1662406caf5.html]
[sea.newchic.com/t-shirts-3666/p-1654585caf5.html]
[sea.newchic.com/charmkpr-shirts-12209/p-1644845caf5.html]
[sea.newchic.com/pc-fashion-collection/10382992c.html]
[sea.newchic.com/tempages-COD-and-Freeshipping/tid-7360c616.html]
[sea.newchic.com/socofy-brand-298357f.html]
[sea.newchic.com/socofy-womens-boots-3599/p-1545754c539.html]
[sea.newchic.com/socofy-womens-boots-3599/p-1578626c539.html]
[sea.newchic.com/socofy-womens-boots-3599/p-1350150c539.html]
[sea.newchic.com/gracila-brand-247d724.html]
[sea.newchic.com/gracila-blouses-and-shirts-3689/p-1601198d5b4.html]
[sea.newchic.com/gracila-coats-3668/p-1572420d5b4.html]
[sea.newchic.com/gracila-blouses-and-shirts-3689/p-1561500d5b4.html]
[sea.newchic.com/charmkpr-brand-391355.html]
[sea.newchic.com/pants-4975/p-158998828c6.html]
[sea.newchic.com/charmkpr-hoodies-12200/p-155831828c6.html]
[sea.newchic.com/jackets-4972/p-135297128c6.html]
[static.chiccdn.com/web/assets/images/index/post-now.png]
[imgaz1.chiccdn.com/os/201903/20190322060539_518.png]
[static.chiccdn.com/web/assets/images/index/down-icon.png]
[sea.newchic.com/tempages-BRAND/tid-3203a390.html]
[sea.newchic.com/privacy-policy-hc172.html]
[sea.newchic.com/return-and-refund-hc162.html]
[sea.newchic.com/terms-and-conditions-hc174.html]
[sea.newchic.com/intellectual-property-claims-hc175.html]
[sea.newchic.com/impressum-hc233.html]
[sea.newchic.com/shipping-methods-hc160.html]
[sea.newchic.com/payment-methods-hc159.html]
[static.chiccdn.com/web/build/common/common.827cfe52.js]
[images.dmca.com/Badges/DMCABadgeHelper.min.js]
[static.chiccdn.com/web/build/pages/index/index.25a2cba8.js]
[sea.newchic.com/index.html]
[static.chiccdn.com/web/assets/images/common/loading_n.png]
[static.chiccdn.com/web/assets/images/common/radio-bg.png]
[static.chiccdn.com/web/assets/images/common/check-box-bg-1.png]
[static.chiccdn.com/web/assets/images/common/country_flag_sprite.png]
[static.chiccdn.com/web/assets/images/common/header-register-guide-bg.png]
[static.chiccdn.com/web/assets/images/common/header-register-guide-bg--left.png]
[static.chiccdn.com/web/assets/images/common/header-register-guide-bg--right.png]
[static.chiccdn.com/web/assets/images/common/header-register-guide-bg--mid.png]
[static.chiccdn.com/web/assets/images/common/header-register-guide__third-login-bg.png]
[static.chiccdn.com/web/assets/images/common/header-register-guide-empty-bag-bg.png]
[static.chiccdn.com/web/assets/images/common/nation-flag-bg.png]
[static.chiccdn.com/web/assets/images/header/header-sprites.png]
[static.chiccdn.com/web/assets/images/header/icon.png]
[static.chiccdn.com/web/assets/images/header/f.png]
[static.chiccdn.com/web/assets/images/footer/trust-icon-bg.png]
[static.chiccdn.com/web/assets/images/fix-sidebar/fix-sidebar-order-gift.png]
[static.chiccdn.com/web/assets/images/fix-sidebar/fix-sidebar-order-gift-hover.png]
[static.chiccdn.com/web/assets/images/fix-sidebar/fix-sidebar-download-bg.png]
[static.chiccdn.com/web/assets/images/footer-activity-enter/i_enter_handle.png]
[static.chiccdn.com/web/assets/images/product-view/size-guide-bg.png]
[static.chiccdn.com/web/assets/images/product-snap-up/product-snap-up-btn-bg.png]
[static.chiccdn.com/web/assets/images/product-snap-up/snap-up-title-bg.png]
[static.chiccdn.com/web/assets/images/product-snap-up/icon-sold-out.png]
[static.chiccdn.com/web/assets/images/product-view/new-user-coupon-received.png]
[static.chiccdn.com/web/assets/images/product-view/new-user-coupon-received-ar.png]
[static.chiccdn.com/web/assets/images/product-view/register-coupon-red-bg--left.png]
[static.chiccdn.com/web/assets/images/product-view/register-coupon-red-bg--right.png]
[static.chiccdn.com/web/assets/images/product-view/register-coupon-red-bg--normal.png]
[static.chiccdn.com/web/assets/images/product-view/register-coupon-red-bg--mid.png]
[static.chiccdn.com/web/assets/images/product-view/register-coupon-white-bg--left.png]
[static.chiccdn.com/web/assets/images/product-view/register-coupon-white-bg--right.png]
[static.chiccdn.com/web/assets/images/product-view/register-coupon-white-bg--normal.png]
[static.chiccdn.com/web/assets/images/product-view/register-coupon-white-bg--mid.png]
[static.chiccdn.com/web/assets/images/quick-login/login_sprites.png]
[static.chiccdn.com/web/assets/images/quick-login/login-vk.png]
[static.chiccdn.com/web/assets/images/quick-login/login-vk-hover.png]
[static.chiccdn.com/web/assets/images/quick-login/oauth-login-spritest.png]
[static.chiccdn.com/web/assets/images/common/register-coupon-red-bg--left.png]
[static.chiccdn.com/web/assets/images/common/register-coupon-red-bg--right.png]
[static.chiccdn.com/web/assets/images/common/register-coupon-red-bg--mid.png]
[static.chiccdn.com/web/assets/images/common/check-in-dialog-bg.png]
[static.chiccdn.com/web/build/common/common.e6e367b4.css]
[static.chiccdn.com/web/assets/images/index/product-discount-bg.png]
[static.chiccdn.com/web/assets/images/index/product-discount-bg-ar.png]
[static.chiccdn.com/web/build/pages/index/index.bd16bd39.css]
[dccss.banggood.com/dc/release/ncdcbc24.js]
[static.chiccdn.com/web/js/newchic.recordbc24.js]
[static.chiccdn.com/web/js/jquery-1.9.1.minbc24.js]
[sea.newchic.com/cache/static_cache/currency_huilvbc24.js]
[sea.newchic.com/tempages-Newchic-6th-anniversary-sale/tid-10659e4ed.html]
[static.hiselling.com/pc/style/index-2.0.min441f.css]
[static.chiccdn.com/web/build/pages/marking-page-template/index.fbf77df2.css]
[static.chiccdn.com/web/js/jquery-1.9.1.min.js]
[static.hiselling.com/pc/style/font/stylesheet.css]
[imgaz1.chiccdn.com/myos/2020/0727/20200727215110_177.jpg]
[static.hiselling.com/images/transparent.gif]
[imgaz1.chiccdn.com/myos/2020/0831/20200831204604_533.jpg]
[sea.newchic.com/tempages-Newchic-6th-anniversary-Saving-Tips/tid-95656b72.html]
[imgaz1.chiccdn.com/myos/2020/0831/20200831204617_422.jpg]
[imgaz1.chiccdn.com/myos/2020/0727/20200727214624_297.jpg]
[imgaz1.chiccdn.com/myos/2020/0727/20200727214732_590.jpg]
[sea.newchic.com/sterling-silver-6392/p-12835525dab.html]
[sea.newchic.com/t-shirts-3666/p-16545855dab.html]
[sea.newchic.com/vintage-dresses-3664/p-16943755dab.html]
[sea.newchic.com/plus-size-jumpsuits-and-rompers-5163/p-14467715dab.html]
[sea.newchic.com/o-newe-plus-size-blouses-and-shirts-3956/p-16790565dab.html]
[sea.newchic.com/print-dresses-3677/p-17068205dab.html]
[sea.newchic.com/blouses-and-shirts-3689/p-16910485dab.html]
[sea.newchic.com/flats-3615/p-17048455dab.html]
[sea.newchic.com/lostisy-flats-3615/p-17110775dab.html]
[sea.newchic.com/womens-boots-3599/p-15899675dab.html]
[sea.newchic.com/socofy-heels-3598/p-14314735dab.html]
[sea.newchic.com/socofy-womens-sandals-3601/p-14468145dab.html]
[sea.newchic.com/vintage-dresses-3664/p-16949125dab.html]
[sea.newchic.com/bra-and-bra-set-4183/p-12232975dab.html]
[sea.newchic.com/bra-and-bra-set-4183/p-13754935dab.html]
[sea.newchic.com/necklaces-4047/p-13270535dab.html]
[sea.newchic.com/bra-and-bra-set-4183/p-10616815dab.html]
[sea.newchic.com/flats-3615/p-14812625dab.html]
[sea.newchic.com/socofy-flats-3615/p-17044165dab.html]
[sea.newchic.com/necklaces-4047/p-16946985dab.html]
[sea.newchic.com/board-shorts-6381/p-14683205dab.html]
[sea.newchic.com/charmkpr-shirts-12209/p-16623725dab.html]
[sea.newchic.com/henley-shirts-12211/p-16764375dab.html]
[sea.newchic.com/henley-shirts-12211/p-14390225dab.html]
[sea.newchic.com/incerun-pajama-bottoms-12179/p-13750565dab.html]
[sea.newchic.com/charmkpr-board-shorts-6381/p-14333865dab.html]
[sea.newchic.com/board-shorts-6381/p-16785825dab.html]
[sea.newchic.com/henley-shirts-12211/p-13617335dab.html]
[sea.newchic.com/sneakersandathletic-3622/p-17074085dab.html]
[sea.newchic.com/mens-sandals-4188/p-16574845dab.html]
[sea.newchic.com/mens-boots-3618/p-15466575dab.html]
[sea.newchic.com/chic-wallet-3614/p-16601225dab.html]
[sea.newchic.com/flat-caps-12160/p-11259825dab.html]
[sea.newchic.com/flat-caps-12160/p-16377905dab.html]
[sea.newchic.com/shirts-12209/p-17200225dab.html]
[sea.newchic.com/charmkpr-shirts-12209/p-16447535dab.html]
[sea.newchic.com/boxer-briefs-4979/p-11605285dab.html]
[sea.newchic.com/charmkpr-shirts-12209/p-16448455dab.html]
[sea.newchic.com/flats-3616/p-13810485dab.html]
[sea.newchic.com/-menico-flats-3616/p-12198005dab.html]
[imgaz1.chiccdn.com/myos/2020/0727/20200727214744_945.jpg]
[sea.newchic.com/pants-and-capris-3674/p-16627985dab.html]
[sea.newchic.com/bra-and-bra-set-4183/p-12366565dab.html]
[sea.newchic.com/plus-size-coats-and-jackets-3957/p-17059565dab.html]
[sea.newchic.com/flats-3615/p-14198895dab.html]
[sea.newchic.com/socofy-womens-sandals-3601/p-16842235dab.html]
[sea.newchic.com/womens-boots-3599/p-15656195dab.html]
[sea.newchic.com/jumpsuits-and-rompers-3702/p-16642055dab.html]
[sea.newchic.com/plus-size-blouses-and-shirts-3956/p-15267025dab.html]
[sea.newchic.com/o-newe-plus-size-print-dresses-5159/p-15204285dab.html]
[sea.newchic.com/maternity-bra-4855/p-14743625dab.html]
[sea.newchic.com/foot-care-4330/p-16853805dab.html]
[sea.newchic.com/wallets-3611/p-12536035dab.html]
[sea.newchic.com/socofy-womens-sandals-3601/p-14423035dab.html]
[sea.newchic.com/socofy-heels-3598/p-14543985dab.html]
[sea.newchic.com/necklaces-4047/p-17081865dab.html]
[sea.newchic.com/socofy-womens-boots-3599/p-13501505dab.html]
[sea.newchic.com/shirts-12209/p-16495995dab.html]
[sea.newchic.com/charmkpr-shirts-12209/p-14964045dab.html]
[sea.newchic.com/charmkpr-pants-4975/p-12855245dab.html]
[sea.newchic.com/charmkpr-shirts-12209/p-16627845dab.html]
[sea.newchic.com/pajamas-sets-6150/p-15973615dab.html]
[sea.newchic.com/boxer-briefs-4979/p-12538745dab.html]
[sea.newchic.com/flats-3616/p-14397205dab.html]
[sea.newchic.com/flats-3616/p-16964095dab.html]
[sea.newchic.com/chic-wallet-3614/p-17008325dab.html]
[sea.newchic.com/mens-sandals-4188/p-14309095dab.html]
[sea.newchic.com/outdoor-tools-7288/p-13390825dab.html]
[sea.newchic.com/mens-necklaces-4080/p-13422865dab.html]
[sea.newchic.com/baseball-caps-12169/p-15439895dab.html]
[sea.newchic.com/charmkpr-shirts-12209/p-16807865dab.html]
[sea.newchic.com/mens-boots-3618/p-10995095dab.html]
[sea.newchic.com/charmkpr-pajamas-sets-6150/p-17154615dab.html]
[imgaz1.chiccdn.com/myos/2020/0727/20200727214800_161.jpg]
[sea.newchic.com/socofy-heels-3598/p-162695120ff.html]
[sea.newchic.com/flats-3615/p-162026220ff.html]
[sea.newchic.com/flats-3615/p-170714520ff.html]
[sea.newchic.com/braandbra-sets-10355/p-134944320ff.html]
[sea.newchic.com/bra-and-bra-set-4183/p-139330020ff.html]
[sea.newchic.com/gracila-jumpsuits-and-rompers-3702/p-167397920ff.html]
[sea.newchic.com/ycosic-coats-3668/p-159586020ff.html]
[sea.newchic.com/gracila-jumpsuits-and-rompers-3702/p-166618220ff.html]
[sea.newchic.com/t-shirts-3666/p-167646020ff.html]
[sea.newchic.com/print-dresses-3677/p-169206420ff.html]
[sea.newchic.com/jumpsuits-and-rompers-3702/p-170192720ff.html]
[sea.newchic.com/plus-size-blouses-and-shirts-3956/p-171335120ff.html]
[sea.newchic.com/plus-size-blouses-and-shirts-3956/p-166185820ff.html]
[sea.newchic.com/flats-3616/p-170326420ff.html]
[sea.newchic.com/girls-bottoms-4671/p-149992420ff.html]
[sea.newchic.com/synthetic-wigs-4150/p-169119120ff.html]
[sea.newchic.com/-menico-flats-3616/p-121643420ff.html]
[sea.newchic.com/-menico-mens-sandals-4188/p-166892420ff.html]
[sea.newchic.com/-menico-sneakersandathletic-3622/p-168761920ff.html]
[sea.newchic.com/chic-wallet-3614/p-165048820ff.html]
[sea.newchic.com/pajama-bottoms-12179/p-166034620ff.html]
[sea.newchic.com/pajamas-sets-6150/p-137601220ff.html]
[sea.newchic.com/shirts-12209/p-169558620ff.html]
[sea.newchic.com/charmkpr-hoodies-12200/p-172403720ff.html]
[sea.newchic.com/charmkpr-shirts-12209/p-171785020ff.html]
[sea.newchic.com/charmkpr-shirts-12209/p-171785420ff.html]
[sea.newchic.com/charmkpr-shirts-12209/p-171785320ff.html]
[sea.newchic.com/flat-caps-12160/p-171758020ff.html]
[sea.newchic.com/men-watches-4551/p-171247420ff.html]
[sea.newchic.com/tapestries-5492/p-171299320ff.html]
[sea.newchic.com/blouses-and-shirts-3689/p-167424920ff.html]
[sea.newchic.com/t-shirts-3666/p-166926320ff.html]
[sea.newchic.com/blouses-and-shirts-3689/p-171032120ff.html]
[sea.newchic.com/t-shirts-3666/p-165612020ff.html]
[sea.newchic.com/pants-and-capris-3674/p-169427820ff.html]
[sea.newchic.com/jumpsuits-and-rompers-3702/p-170191920ff.html]
[sea.newchic.com/blouses-and-shirts-3689/p-166895620ff.html]
[sea.newchic.com/casual-dresses-5073/p-170687720ff.html]
[sea.newchic.com/socofy-flats-3615/p-170556820ff.html]
[sea.newchic.com/flats-3615/p-170429720ff.html]
[sea.newchic.com/o-newe-plus-size-print-dresses-5159/p-145965820ff.html]
[sea.newchic.com/o-newe-plus-size-blouses-and-shirts-3956/p-169742620ff.html]
[sea.newchic.com/o-newe-plus-size-blouses-and-shirts-3956/p-165371620ff.html]
[sea.newchic.com/o-newe-plus-size-blouses-and-shirts-3956/p-169146320ff.html]
[sea.newchic.com/plus-size-blouses-and-shirts-3956/p-167965120ff.html]
[sea.newchic.com/plus-size-casual-dresses-5221/p-152588220ff.html]
[sea.newchic.com/plus-size-coats-and-jackets-3957/p-172417520ff.html]
[sea.newchic.com/plus-size-blouses-and-shirts-3956/p-162796620ff.html]
[sea.newchic.com/socofy-heels-3598/p-170900720ff.html]
[sea.newchic.com/socofy-flats-3615/p-164297620ff.html]
[sea.newchic.com/sweatshirts-12201/p-172382520ff.html]
[sea.newchic.com/sweatshirts-12201/p-172383420ff.html]
[sea.newchic.com/shirts-12209/p-172106420ff.html]
[sea.newchic.com/charmkpr-shirts-12209/p-172106320ff.html]
[sea.newchic.com/sweatshirts-12201/p-172382620ff.html]
[sea.newchic.com/golf-shirts-12210/p-172105220ff.html]
[sea.newchic.com/bra-and-bra-set-4183/p-133874220ff.html]
[sea.newchic.com/bra-and-bra-set-4183/p-127538020ff.html]
[sea.newchic.com/bra-and-bra-set-4183/p-130949420ff.html]
[sea.newchic.com/lostisy-flats-3615/p-169477320ff.html]
[sea.newchic.com/lostisy-flats-3615/p-169864520ff.html]
[sea.newchic.com/flats-3615/p-169013820ff.html]
[sea.newchic.com/shirts-12209/p-172384020ff.html]
[sea.newchic.com/sweatshirts-12201/p-172383620ff.html]
[sea.newchic.com/shirts-12209/p-172547620ff.html]
[sea.newchic.com/shirts-12209/p-171791820ff.html]
[imgaz1.chiccdn.com/myos/2020/0727/20200727214812_373.jpg]
[sea.newchic.com/charmkpr-two-pieces-outfits-9989/p-171517720ff.html]
[sea.newchic.com/womens-boots-3599/p-172059520ff.html]
[sea.newchic.com/plus-size-blouses-and-shirts-3956/p-170975920ff.html]
[sea.newchic.com/incerun-robes-12178/p-170666220ff.html]
[sea.newchic.com/pillows-and-eyeshade-5809/p-171730820ff.html]
[sea.newchic.com/cushion-and-pillow-5802/p-121488920ff.html]
[sea.newchic.com/-menico-mens-boots-3618/p-171352620ff.html]
[sea.newchic.com/crossbody-bags-3610/p-170020220ff.html]
[sea.newchic.com/charmkpr-henley-shirts-12211/p-127972320ff.html]
[sea.newchic.com/bakeey-smart-watches-4993/p-169869920ff.html]
[sea.newchic.com/blitzwolf-mirrors-4034/p-168354120ff.html]
[sea.newchic.com/epilator-4898/p-168017320ff.html]
[sea.newchic.com/flat-caps-12160/p-171757520ff.html]
[sea.newchic.com/flat-caps-12160/p-171757020ff.html]
[imgaz1.chiccdn.com/myos/2020/0819/20200819235736_477.jpg]
[imgaz1.chiccdn.com/myos/2020/0819/20200819235747_548.jpg]
[imgaz1.chiccdn.com/myos/2020/0819/20200819235847_376.jpg]
[imgaz1.chiccdn.com/myos/2020/0819/20200819235857_820.jpg]
[imgaz1.chiccdn.com/myos/2020/0727/20200727214856_871.jpg]
[imgaz1.chiccdn.com/myos/2020/0727/20200727214902_648.jpg]
[imgaz1.chiccdn.com/myos/2020/0727/20200727214908_516.jpg]
[imgaz1.chiccdn.com/myos/2020/0727/20200727214914_442.jpg]
[imgaz1.chiccdn.com/myos/2020/0727/20200727214926_481.jpg]
[imgaz1.chiccdn.com/myos/2020/0727/20200727214936_383.jpg]
[sea.newchic.com/tempages-Women_s--Chic-Clothing/tid-10034d981.html]
[sea.newchic.com/tempages-Men_s--Chic-Clothing/tid-100361528.html]
[imgaz1.chiccdn.com/myos/2020/0727/20200727214948_245.jpg]
[imgaz1.chiccdn.com/myos/2020/0727/20200727214956_369.jpg]
[sea.newchic.com/tempages-Home_Garden_Kids_Mom/tid-1003983c7.html]
[imgaz1.chiccdn.com/myos/2020/0727/20200727215009_298.jpg]
[sea.newchic.com/tempages-Women_s--Shoes_Bags/tid-10037b782.html]
[sea.newchic.com/tempages-Men_s--Shoes_Bags/tid-100384d1f.html]
[imgaz1.chiccdn.com/myos/2020/0727/20200727215014_608.jpg]
[imgaz1.chiccdn.com/myos/2020/0727/20200727215023_396.jpg]
[sea.newchic.com/tempages-Accessories_Beauty/tid-10040866f.html]
[sea.newchic.com/tempages-Newchic-6th-Anniversary-Brand-Sale/tid-9637f965.html]
[imgaz1.chiccdn.com/myos/2020/0727/20200727215037_862.jpg]
[sea.newchic.com/e-ekphero-chic-wallet-3614/p-17117335dab.html]
[sea.newchic.com/blouses-and-shirts-3689/p-16674285dab.html]
[sea.newchic.com/o-newe-plus-size-blouses-and-shirts-3956/p-16586635dab.html]
[sea.newchic.com/sweaters-3943/p-17113155dab.html]
[sea.newchic.com/lostisy-flats-3615/p-17205185dab.html]
[sea.newchic.com/chic-wallet-3614/p-17262295dab.html]
[sea.newchic.com/plus-size-blouses-and-shirts-3956/p-17221345dab.html]
[sea.newchic.com/mens-boots-3618/p-17283835dab.html]
[sea.newchic.com/chic-wallet-3614/p-17261745dab.html]
[sea.newchic.com/gracila-vintage-dresses-3664/p-17191225dab.html]
[sea.newchic.com/socofy-womens-boots-3599/p-17281655dab.html]
[sea.newchic.com/blouses-and-shirts-3689/p-17214735dab.html]
[sea.newchic.com/-menico-mens-boots-3618/p-17141695dab.html]
[sea.newchic.com/necklaces-4047/p-17245875dab.html]
[sea.newchic.com/men-watches-4551/p-17150075dab.html]
[sea.newchic.com/sneakersandathletic-3596/p-17229935dab.html]
[sea.newchic.com/bedding-sets-5811/p-17218615dab.html]
[imgaz1.chiccdn.com/myos/2020/0727/20200727215053_165.jpg]
[sea.newchic.com/sexy-lingerie-4184/p-9351025dab.html]
[sea.newchic.com/cushion-cover-5801/p-9511985dab.html]
[sea.newchic.com/wall-art-4619/p-10213565dab.html]
[sea.newchic.com/bra-and-bra-set-4183/p-11280575dab.html]
[sea.newchic.com/henley-shirts-12211/p-11406245dab.html]
[sea.newchic.com/pants-and-capris-3674/p-12863045dab.html]
[sea.newchic.com/dresses-4670/p-12905415dab.html]
[sea.newchic.com/baby-sets-6251/p-13350955dab.html]
[static.hiselling.com/images/nc_code.png]
[static.hiselling.com/pc/js/based516.js]
[static.hiselling.com/pc/js/index-2.0.minc4e6.js]
[sea.newchic.com/tempages-Newchic-6th-anniversary-Saving-Tips/tid-95658737.html]
[imgaz1.chiccdn.com/os/202008/20200817031055_307.jpg]
[static.chiccdn.com/web/build/pages/marking-page-template/index.7c4ee86e.js]
[sea.newchic.com/tempages-Newchic-6th-anniversary-sale/tid-1065976fb.html]
[sea.newchic.com/login.html]
[sea.newchic.com/shopping_cart.html]
[sea.newchic.com/help_center.html]
[static.chiccdn.com/default/dist/images/saint-valentine/saint-alentine.minbc24.css]
[static.chiccdn.com/default/dist/css/styles.common.minbc24.css]
[static.chiccdn.com/default/images/logo_small.jpg]
[static.chiccdn.com/default/js/jquery-1.9.1.minbc24.js]
[static.chiccdn.com/default/js/clipboard.minbc24.js]
[static.chiccdn.com/default/js/error.js]
[static.chiccdn.com/default/js/intersection-observer.minbc24.js]
[static.chiccdn.com/default/js/webPushbc24.js]
[static.chiccdn.com/default/dist/js/scripts.common.minbc24.js]
[static.chiccdn.com/default/js/customScrollbar/jquery.mCustomScrollbar.concat.min.js]
[static.chiccdn.com/default/js/newchic.recordbc24.js]
[www.google-analytics.com/analytics.js]
[static.chiccdn.com/default/edt_need/wom_lst/itembc24.css]
[static.chiccdn.com/default/edt_need/wom_lst/wombc24.js]
[static.chiccdn.com/default/edt_need/common/js/keywordbc24.js]
[imgaz1.chiccdn.com/images/country/small/US.png]
[imgaz1.chiccdn.com/images/country/small/BN.png]
[imgaz1.chiccdn.com/images/country/small/ID.png]
[imgaz1.chiccdn.com/images/country/small/KH.png]
[imgaz1.chiccdn.com/images/country/small/LA.png]
[imgaz1.chiccdn.com/images/country/small/MM.png]
[imgaz1.chiccdn.com/images/country/small/MY.png]
[imgaz1.chiccdn.com/images/country/small/PH.png]
[imgaz1.chiccdn.com/images/country/small/SG.png]
[imgaz1.chiccdn.com/images/country/small/TH.png]
[imgaz1.chiccdn.com/images/country/small/VN.png]
[static.chiccdn.com/default/images/header-help-gif.gif]
[static.chiccdn.com/default/edt_need/head/images/head_hot_orange.png]
[imgaz1.chiccdn.com/os/202008/20200817025553_479.jpg]
[imgaz1.chiccdn.com/os/202007/20200720053238_978.jpg]
[imgaz1.chiccdn.com/os/202008/20200821014550_826.jpg]
[imgaz1.chiccdn.com/os/202007/20200720053110_780.jpg]
[static.chiccdn.com/default/edt_need/head/images/head_new_orange.png]
[imgaz1.chiccdn.com/os/202007/20200720053341_354.jpg]
[imgaz1.chiccdn.com/os/202007/20200720053500_593.jpg]
[imgaz1.chiccdn.com/os/202002/20200222235232_513.jpg]
[imgaz1.chiccdn.com/os/202007/20200720053809_385.jpg]
[imgaz1.chiccdn.com/os/201906/20190614203920_719.jpg]
[imgaz1.chiccdn.com/os/202003/20200302201434_164.jpg]
[imgaz1.chiccdn.com/os/202004/20200409004750_164.jpg]
[imgaz1.chiccdn.com/os/202004/20200409004642_674.jpg]
[sea.newchic.com/faqs-about-covid-19-hc247.html]
[sea.newchic.com/new-user-guide-hc154.html]
[sea.newchic.com/cash-on-delivery-(cod)-faq-hc108.html]
[sea.newchic.com/account-and-settings-hc244.html]
[sea.newchic.com/about-us-hc171.html]
[sea.newchic.com/tax-affairs-hc173.html]
[sea.newchic.com/affiliate-program-hc151.html]
[sea.newchic.com/dropship-program-hc101.html]
[sea.newchic.com/tempages-New-User-Exclusive-Offer/tid-7830e7f2.html]
[imgaz1.chiccdn.com/os/202003/20200303195945_793.png]
[static.chiccdn.com/default/images/accepted.png]
[imgaz1.chiccdn.com/os/202004/20200429015622_496.png]
[sea.newchic.com/AppDownload.html]
[cdn.livechatinc.com/s3/3358262/all/thumbup.gif]
[sea.newchic.com/templates/default/images/i_enter_handle.png]
[static.chiccdn.com/default/js/ion.rangeSlider.minbc24.js]
[static.chiccdn.com/default/js/ZSfootbc24.js]
[static.chiccdn.com/default/js/jq.lazyloadbc24.js]
[static.chiccdn.com/default/libs/account/js/affiliateCookiesbc24.js]
[static.chiccdn.com/default/js/jgbc24.js]
[static.chiccdn.com/default/js/jquery-validation/jquery.validate.min.js]
[static.chiccdn.com/default/js/jquery-validation/additional-methods.min.js]
[static.chiccdn.com/default/js/jquery-validation/localization/messages_en.js]
[sea.newchic.com/templates/default/js/ajaxfileupload.js]
[static.chiccdn.com/default/js/feedbackbc24.js]
[sea.newchic.com/fill-out-the-form9.html]
[dccss.banggood.com/dc/release/ncdcb9fe.js]
[static.chiccdn.com/web/js/newchic.recordb9fe.js]
[static.chiccdn.com/web/js/jquery-1.9.1.minb9fe.js]
[sea.newchic.com/cache/static_cache/currency_huilvb9fe.js]
[static.chiccdn.com/web/build/pages/clearance/index_v2.5c43670e.css]
[static.chiccdn.com/web/assets/images/category/no-data.png]
[static.chiccdn.com/web/build/pages/clearance/index_v2.39d21278.js]
[sea.newchic.com/new-arrivals/index9d65.html]
[sea.newchic.com/new-arrivals/mens-clothing-3581/index9292.html]
[sea.newchic.com/new-arrivals/womens-clothing-3578/index9292.html]
[sea.newchic.com/new-arrivals/shoes-3580/index9292.html]
[sea.newchic.com/new-arrivals/jewelry-and-watch-4040/index9292.html]
[sea.newchic.com/new-arrivals/kids-and-mom-4565/index9292.html]
[sea.newchic.com/new-arrivals/bags-3579/index9292.html]
[sea.newchic.com/tempages-New-Arrivals-Special-Offer/tid-3935e4ed.html]
[imgaz1.chiccdn.com/myos/2020/0108/20200108050449_907.jpg]
[sea.newchic.com/socofy-heels-3598/p-16466305825.html]
[sea.newchic.com/socofy-flats-3615/p-16440785825.html]
[sea.newchic.com/socofy-flats-3615/p-16431665825.html]
[sea.newchic.com/heels-3598/p-16441885825.html]
[sea.newchic.com/socofy-heels-3598/p-16436435825.html]
[sea.newchic.com/socofy-flats-3615/p-16441465825.html]
[sea.newchic.com/socofy-flats-3615/p-16437485825.html]
[sea.newchic.com/socofy-heels-3598/p-16437495825.html]
[sea.newchic.com/sneakersandathletic-3596/p-16471275825.html]
[sea.newchic.com/sneakersandathletic-3596/p-16471285825.html]
[sea.newchic.com/womens-sandals-3601/p-16471295825.html]
[sea.newchic.com/sneakersandathletic-3596/p-16471325825.html]
[sea.newchic.com/womens-sandals-3601/p-16443675825.html]
[sea.newchic.com/sneakersandathletic-3596/p-16443655825.html]
[sea.newchic.com/sneakersandathletic-3596/p-16442285825.html]
[sea.newchic.com/flats-3615/p-16404285825.html]
[sea.newchic.com/flats-3616/p-16369115825.html]
[sea.newchic.com/sneakersandathletic-3622/p-16389145825.html]
[sea.newchic.com/mens-sandals-4188/p-16414365825.html]
[sea.newchic.com/mens-sandals-4188/p-16414355825.html]
[sea.newchic.com/mens-sandals-4188/p-16414335825.html]
[sea.newchic.com/mens-sandals-4188/p-16414345825.html]
[sea.newchic.com/-menico-flats-3616/p-16417005825.html]
[sea.newchic.com/flats-3616/p-16417395825.html]
[sea.newchic.com/sneakersandathletic-3622/p-16420385825.html]
[sea.newchic.com/flats-3616/p-16432075825.html]
[sea.newchic.com/flats-3616/p-16427085825.html]
[sea.newchic.com/sneakersandathletic-3622/p-16420235825.html]
[sea.newchic.com/handbags-3609/p-16475555825.html]
[sea.newchic.com/handbags-3609/p-16475635825.html]
[sea.newchic.com/crossbody-bags-3610/p-16475965825.html]
[sea.newchic.com/crossbody-bags-3610/p-16475765825.html]
[sea.newchic.com/crossbody-bags-3613/p-16475355825.html]
[sea.newchic.com/crossbody-bags-3613/p-16468825825.html]
[sea.newchic.com/crossbody-bags-3613/p-16475295825.html]
[sea.newchic.com/crossbody-bags-3613/p-16475345825.html]
[sea.newchic.com/plus-size-blouses-and-shirts-3956/p-16463615825.html]
[sea.newchic.com/plus-size-casual-dresses-5221/p-16478065825.html]
[sea.newchic.com/plus-size-blouses-and-shirts-3956/p-16471005825.html]
[sea.newchic.com/plus-size-sweaters-and-cardigans-5166/p-16463665825.html]
[sea.newchic.com/plus-size-blouses-and-shirts-3956/p-16470975825.html]
[sea.newchic.com/plus-size-blouses-and-shirts-3956/p-16470945825.html]
[sea.newchic.com/plus-size-blouses-and-shirts-3956/p-16470885825.html]
[sea.newchic.com/plus-size-blouses-and-shirts-3956/p-16463675825.html]
[sea.newchic.com/plus-size-blouses-and-shirts-3956/p-16463625825.html]
[sea.newchic.com/plus-size-blouses-and-shirts-3956/p-16470895825.html]
[sea.newchic.com/plus-size-print-dresses-5159/p-15979625825.html]
[sea.newchic.com/plus-size-blouses-and-shirts-3956/p-15650885825.html]
[sea.newchic.com/plus-size-blouses-and-shirts-3956/p-15266285825.html]
[sea.newchic.com/plus-size-casual-dresses-5221/p-16405635825.html]
[sea.newchic.com/plus-size-blouses-and-shirts-3956/p-16414805825.html]
[sea.newchic.com/maxi-dresses-3662/p-15965105825.html]
[sea.newchic.com/gracila-casual-dresses-5073/p-16401885825.html]
[sea.newchic.com/gracila-casual-dresses-5073/p-16416885825.html]
[sea.newchic.com/t-shirts-3666/p-16420645825.html]
[sea.newchic.com/plus-size-blouses-and-shirts-3956/p-13097605825.html]
[sea.newchic.com/womens-belts-4126/p-16394215825.html]
[sea.newchic.com/hats-and-caps-4192/p-16404455825.html]
[sea.newchic.com/hats-and-caps-4192/p-16405905825.html]
[sea.newchic.com/baseball-caps-12169/p-16409145825.html]
[sea.newchic.com/hats-and-caps-4192/p-16409215825.html]
[sea.newchic.com/hats-and-caps-4192/p-16413985825.html]
[sea.newchic.com/mens-socks-4291/p-16420995825.html]
[sea.newchic.com/mens-socks-4291/p-16421015825.html]
[sea.newchic.com/shirts-12209/p-16379265825.html]
[sea.newchic.com/t-shirts-12208/p-15764915825.html]
[sea.newchic.com/incerun-pants-4975/p-15764895825.html]
[sea.newchic.com/pants-4975/p-16380105825.html]
[sea.newchic.com/incerun-shirts-12209/p-15382725825.html]
[sea.newchic.com/incerun-shirts-12209/p-15747025825.html]
[sea.newchic.com/t-shirts-12208/p-15746845825.html]
[sea.newchic.com/henley-shirts-12211/p-14463495825.html]
[sea.newchic.com/shirts-12209/p-16416555825.html]
[sea.newchic.com/shirts-12209/p-16412985825.html]
[sea.newchic.com/shirts-12209/p-16376085825.html]
[sea.newchic.com/shirts-12209/p-16416565825.html]
[sea.newchic.com/sweatshirts-12201/p-16413015825.html]
[sea.newchic.com/incerun-t-shirts-12208/p-15543105825.html]
[sea.newchic.com/pants-4975/p-16418465825.html]
[sea.newchic.com/incerun-t-shirts-12208/p-16425125825.html]
[sea.newchic.com/shirts-12209/p-16417445825.html]
[sea.newchic.com/pants-4975/p-16420595825.html]
[sea.newchic.com/shirts-12209/p-16453015825.html]
[sea.newchic.com/t-shirts-12208/p-16453005825.html]
[sea.newchic.com/shirts-12209/p-16461085825.html]
[sea.newchic.com/shirts-12209/p-16461075825.html]
[sea.newchic.com/shirts-12209/p-16461125825.html]
[sea.newchic.com/shirts-12209/p-16458805825.html]
[sea.newchic.com/shirts-12209/p-16458795825.html]
[sea.newchic.com/pants-4975/p-16402995825.html]
[sea.newchic.com/incerun-t-shirts-12208/p-15780835825.html]
[sea.newchic.com/jackets-4972/p-16459155825.html]
[sea.newchic.com/hoodies-12200/p-16424175825.html]
[sea.newchic.com/pants-4975/p-16454715825.html]
[sea.newchic.com/hoodies-12200/p-16401525825.html]
[sea.newchic.com/shirts-12209/p-16424145825.html]
[sea.newchic.com/plus-size-blouses-and-shirts-3956/p-16478315825.html]
[sea.newchic.com/plus-size-print-dresses-5159/p-16478075825.html]
[sea.newchic.com/plus-size-blouses-and-shirts-3956/p-16463695825.html]
[sea.newchic.com/plus-size-casual-dresses-5221/p-16471375825.html]
[sea.newchic.com/plus-size-blouses-and-shirts-3956/p-16471385825.html]
[sea.newchic.com/plus-size-blouses-and-shirts-3956/p-15802535825.html]
[sea.newchic.com/plus-size-print-dresses-5159/p-16225345825.html]
[sea.newchic.com/plus-size-blouses-and-shirts-3956/p-16385215825.html]
[sea.newchic.com/plus-size-jumpsuits-and-rompers-5163/p-16423905825.html]
[sea.newchic.com/plus-size-vintage-dresses-5158/p-16414745825.html]
[sea.newchic.com/plus-size-print-dresses-5159/p-16414775825.html]
[sea.newchic.com/plus-size-jumpsuits-and-rompers-5163/p-16066675825.html]
[sea.newchic.com/plus-size-maxi-dresses-5161/p-16369705825.html]
[sea.newchic.com/plus-size-coats-and-jackets-3957/p-16379075825.html]
[sea.newchic.com/plus-size-blouses-and-shirts-3956/p-16379085825.html]
[sea.newchic.com/plus-size-blouses-and-shirts-3956/p-16379095825.html]
[sea.newchic.com/plus-size-blouses-and-shirts-3956/p-16379105825.html]
[sea.newchic.com/plus-size-coats-and-jackets-3957/p-16385585825.html]
[sea.newchic.com/plus-size-coats-and-jackets-3957/p-16385575825.html]
[sea.newchic.com/plus-size-blouses-and-shirts-3956/p-16385615825.html]
[sea.newchic.com/plus-size-casual-dresses-5221/p-16385655825.html]
[sea.newchic.com/plus-size-blouses-and-shirts-3956/p-16399785825.html]
[sea.newchic.com/plus-size-blouses-and-shirts-3956/p-16443895825.html]
[sea.newchic.com/plus-size-coats-and-jackets-3957/p-16463725825.html]
[sea.newchic.com/plus-size-casual-dresses-5221/p-16463745825.html]
[sea.newchic.com/plus-size-blouses-and-shirts-3956/p-16463735825.html]
[sea.newchic.com/plus-size-blouses-and-shirts-3956/p-16463755825.html]
[sea.newchic.com/plus-size-kimonos-and-tank-tops-5162/p-16463815825.html]
[sea.newchic.com/plus-size-casual-dresses-5221/p-16466705825.html]
[sea.newchic.com/plus-size-blouses-and-shirts-3956/p-16466715825.html]
[sea.newchic.com/plus-size-blouses-and-shirts-3956/p-16466725825.html]
[sea.newchic.com/plus-size-blouses-and-shirts-3956/p-16466735825.html]
[sea.newchic.com/plus-size-blouses-and-shirts-3956/p-16357635825.html]
[sea.newchic.com/denim-and-jeans-3682/p-16477235825.html]
[sea.newchic.com/pants-and-capris-3674/p-16477245825.html]
[sea.newchic.com/boho-dresses-9631/p-16477265825.html]
[sea.newchic.com/blouses-and-shirts-3689/p-16477285825.html]
[sea.newchic.com/denim-and-jeans-3682/p-16477395825.html]
[sea.newchic.com/vintage-dresses-3664/p-16477415825.html]
[sea.newchic.com/print-dresses-3677/p-16477465825.html]
[sea.newchic.com/dresses-4670/p-16387275825.html]
[sea.newchic.com/dresses-4670/p-16410775825.html]
[sea.newchic.com/dresses-4670/p-16430295825.html]
[sea.newchic.com/tops-and-tees-4707/p-16410765825.html]
[sea.newchic.com/tops-and-tees-4707/p-16410795825.html]
[sea.newchic.com/dresses-4670/p-16410725825.html]
[sea.newchic.com/girls-clothing-sets-4934/p-16407085825.html]
[sea.newchic.com/dresses-4670/p-16430265825.html]
[sea.newchic.com/dresses-4670/p-16454895825.html]
[sea.newchic.com/dresses-4670/p-16454915825.html]
[sea.newchic.com/dresses-4670/p-16454905825.html]
[sea.newchic.com/dresses-4670/p-16454935825.html]
[sea.newchic.com/rompers-and-bodysuits-4702/p-16466675825.html]
[sea.newchic.com/rompers-and-bodysuits-4702/p-16466655825.html]
[sea.newchic.com/rompers-and-bodysuits-4702/p-16464025825.html]
[sea.newchic.com/rompers-and-bodysuits-4702/p-16464035825.html]
[sea.newchic.com/womens-hats-4124/p-16422855825.html]
[sea.newchic.com/womens-hats-4124/p-16422865825.html]
[sea.newchic.com/womens-hats-4124/p-16422875825.html]
[sea.newchic.com/womens-hats-4124/p-16422885825.html]
[sea.newchic.com/womens-hats-4124/p-16426755825.html]
[sea.newchic.com/hats-and-caps-4192/p-16404545825.html]
[sea.newchic.com/hats-and-caps-4192/p-16404525825.html]
[sea.newchic.com/earrings-4041/p-16483355825.html]
[sea.newchic.com/earrings-4041/p-16483385825.html]
[sea.newchic.com/earrings-4041/p-16483405825.html]
[sea.newchic.com/earrings-4041/p-16476515825.html]
[sea.newchic.com/rings-4048/p-16472595825.html]
[sea.newchic.com/mens-sandals-4188/p-16418185825.html]
[sea.newchic.com/mens-sandals-4188/p-16418195825.html]
[sea.newchic.com/mens-sandals-4188/p-16418215825.html]
[sea.newchic.com/sneakersandathletic-3622/p-16424285825.html]
[sea.newchic.com/mens-sandals-4188/p-16424305825.html]
[sea.newchic.com/slippers-3619/p-16424315825.html]
[sea.newchic.com/mens-sandals-4188/p-16427225825.html]
[sea.newchic.com/mens-sandals-4188/p-16427215825.html]
[sea.newchic.com/shirts-12209/p-16482655825.html]
[sea.newchic.com/shirts-12209/p-16476765825.html]
[sea.newchic.com/shirts-12209/p-16468905825.html]
[sea.newchic.com/shirts-12209/p-16476655825.html]
[sea.newchic.com/shirts-12209/p-16467315825.html]
[sea.newchic.com/t-shirts-12208/p-16467345825.html]
[sea.newchic.com/shirts-12209/p-16447815825.html]
[sea.newchic.com/vests-4973/p-16415585825.html]
[sea.newchic.com/jackets-4972/p-15861885825.html]
[sea.newchic.com/incerun-pants-4975/p-15746815825.html]
[sea.newchic.com/incerun-pants-4975/p-15770645825.html]
[sea.newchic.com/incerun-shirts-12209/p-15770605825.html]
[sea.newchic.com/pants-4975/p-16415565825.html]
[sea.newchic.com/incerun-pants-4975/p-15744935825.html]
[sea.newchic.com/cardigans-12199/p-15781145825.html]
[sea.newchic.com/sweatshirts-12201/p-16398185825.html]
[sea.newchic.com/hats-and-caps-4192/p-16409175825.html]
[sea.newchic.com/hats-and-caps-4192/p-16409165825.html]
[sea.newchic.com/mens-socks-4291/p-16426715825.html]
[sea.newchic.com/beanie-hat-12168/p-16409135825.html]
[sea.newchic.com/mens-socks-4291/p-16426735825.html]
[sea.newchic.com/hats-and-caps-4192/p-16409115825.html]
[sea.newchic.com/hats-and-caps-4192/p-16462105825.html]
[sea.newchic.com/hats-and-caps-4192/p-16392455825.html]
[sea.newchic.com/tempages-New-Arrivals-Special-Offer/tid-393501af.html]
[sea.newchic.com/pc-fashion-collection/8673.html]
[static.chiccdn.com/default/dist/css/styles.common.min54b8.css]
[static.chiccdn.com/default/dist/images/saint-valentine/saint-alentine.min54b8.css]
[static.chiccdn.com/default/js/jquery-1.9.1.min54b8.js]
[static.chiccdn.com/default/js/clipboard.min54b8.js]
[sea.newchic.com/cache/static_cache/currency_huilv54b8.js]
[static.chiccdn.com/default/js/intersection-observer.min54b8.js]
[static.chiccdn.com/default/js/webPush54b8.js]
[static.chiccdn.com/default/dist/js/scripts.common.min54b8.js]
[static.chiccdn.com/default/js/newchic.record54b8.js]
[static.chiccdn.com/default/edt_need/wom_lst/item54b8.css]
[static.chiccdn.com/default/edt_need/wom_lst/wom54b8.js]
[static.chiccdn.com/default/edt_need/intell/css/intell.css]
[static.chiccdn.com/default/static/fashion-tpl/css/active_tpl54b8.css]
[static.chiccdn.com/default/event/2018bannerchange/css/2018bannerchange54b8.css]
[static.chiccdn.com/default/edt_need/clearance_data/js/jquery.nav.js]
[static.chiccdn.com/default/static/fashion-tpl/css/newPerson.css]
[static.chiccdn.com/default/edt_need/common/js/keyword54b8.js]
[imgaz1.chiccdn.com/holiday_image/20191108011624460.jpg]
[imgaz1.chiccdn.com/holiday_image/20191108011752939.png]
[sea.newchic.com/womens-boots-3599/p-15741413669.html]
[static.chiccdn.com/default/images/loading-logo.gif]
[sea.newchic.com/womens-boots-3599/p-15750023669.html]
[sea.newchic.com/womens-boots-3599/p-1575008.3453669.delayed]
[sea.newchic.com/womens-boots-3599/p-15749863669.html]
[sea.newchic.com/sneakersandathletic-3596/p-15750113669.html]
[sea.newchic.com/sneakersandathletic-3596/p-15749893669.html]
[sea.newchic.com/womens-boots-3599/p-15749903669.html]
[sea.newchic.com/womens-boots-3599/p-15750073669.html]
[sea.newchic.com/womens-boots-3599/p-15730913669.html]
[sea.newchic.com/flats-3615/p-15750013669.html]
[sea.newchic.com/sneakersandathletic-3596/p-15750103669.html]
[sea.newchic.com/flats-3615/p-15715883669.html]
[sea.newchic.com/heels-3598/p-15715853669.html]
[sea.newchic.com/sneakersandathletic-3596/p-15749943669.html]
[sea.newchic.com/flats-3615/p-15749823669.html]
[sea.newchic.com/flats-3615/p-15749853669.html]
[imgaz1.chiccdn.com/holiday_image/20191108011813663.png]
[sea.newchic.com/-menico-mens-boots-3618/p-15605823669.html]
[sea.newchic.com/sneakersandathletic-3622/p-15506943669.html]
[sea.newchic.com/flats-3616/p-15594453669.html]
[sea.newchic.com/dress-shoes-3617/p-15614553669.html]
[sea.newchic.com/flats-3616/p-15514413669.html]
[sea.newchic.com/dress-shoes-3617/p-15514403669.html]
[sea.newchic.com/flats-3616/p-15486353669.html]
[sea.newchic.com/flats-3616/p-15522543669.html]
[sea.newchic.com/flats-3616/p-15588263669.html]
[sea.newchic.com/-menico-flats-3616/p-15588283669.html]
[sea.newchic.com/mens-boots-3618/p-15605813669.html]
[sea.newchic.com/sneakersandathletic-3622/p-15531103669.html]
[sea.newchic.com/dress-shoes-3617/p-15506923669.html]
[sea.newchic.com/flats-3616/p-15576123669.html]
[sea.newchic.com/dress-shoes-3617/p-15522533669.html]
[sea.newchic.com/flats-3616/p-15492263669.html]
[sea.newchic.com/sneakersandathletic-3622/p-15492283669.html]
[sea.newchic.com/sneakersandathletic-3622/p-15506913669.html]
[sea.newchic.com/flats-3616/p-15476333669.html]
[sea.newchic.com/flats-3616/p-15563873669.html]
[sea.newchic.com/flats-3616/p-15594483669.html]
[sea.newchic.com/sneakersandathletic-3622/p-15469053669.html]
[sea.newchic.com/flats-3616/p-15588253669.html]
[sea.newchic.com/sneakersandathletic-3622/p-15531093669.html]
[sea.newchic.com/flats-3616/p-15594493669.html]
[sea.newchic.com/sneakersandathletic-3622/p-15500903669.html]
[sea.newchic.com/sneakersandathletic-3622/p-15522563669.html]
[imgaz1.chiccdn.com/holiday_image/20191108011846406.png]
[sea.newchic.com/socofy-womens-boots-3599/p-13426203669.html]
[sea.newchic.com/socofy-womens-boots-3599/p-13439503669.html]
[sea.newchic.com/flats-3615/p-14812623669.html]
[sea.newchic.com/womens-boots-3599/p-13684593669.html]
[sea.newchic.com/socofy-womens-boots-3599/p-15503393669.html]
[sea.newchic.com/socofy-womens-boots-3599/p-12355573669.html]
[sea.newchic.com/socofy-heels-3598/p-15405233669.html]
[sea.newchic.com/socofy-womens-boots-3599/p-12120173669.html]
[sea.newchic.com/socofy-womens-boots-3599/p-15582933669.html]
[sea.newchic.com/socofy-womens-boots-3599/p-15370523669.html]
[sea.newchic.com/socofy-heels-3598/p-15443713669.html]
[sea.newchic.com/socofy-flats-3615/p-14230133669.html]
[sea.newchic.com/womens-boots-3599/p-15656783669.html]
[sea.newchic.com/womens-boots-3599/p-15611513669.html]
[sea.newchic.com/womens-boots-3599/p-15656773669.html]
[sea.newchic.com/womens-boots-3599/p-15656193669.html]
[sea.newchic.com/flats-3615/p-14196593669.html]
[sea.newchic.com/socofy-flats-3615/p-11131283669.html]
[sea.newchic.com/flats-3615/p-14198893669.html]
[sea.newchic.com/flats-3615/p-11247403669.html]
[sea.newchic.com/flats-3615/p-14513553669.html]
[sea.newchic.com/womens-sandals-3601/p-14359873669.html]
[sea.newchic.com/flats-3615/p-10551503669.html]
[sea.newchic.com/socofy-flats-3615/p-11379083669.html]
[sea.newchic.com/flats-3615/p-11074383669.html]
[sea.newchic.com/womens-sandals-3601/p-11594043669.html]
[sea.newchic.com/flats-3615/p-14472963669.html]
[sea.newchic.com/sneakersandathletic-3596/p-13314783669.html]
[sea.newchic.com/lostisy-womens-sandals-3601/p-14315553669.html]
[sea.newchic.com/lostisy-womens-sandals-3601/p-14601543669.html]
[sea.newchic.com/lostisy-womens-sandals-3601/p-14321773669.html]
[sea.newchic.com/lostisy-womens-sandals-3601/p-14601563669.html]
[sea.newchic.com/mens-sandals-4188/p-14309093669.html]
[sea.newchic.com/mens-sandals-4188/p-11772093669.html]
[sea.newchic.com/-menico-mens-sandals-4188/p-13005793669.html]
[sea.newchic.com/-menico-flats-3616/p-11788633669.html]
[sea.newchic.com/flats-3616/p-12324363669.html]
[sea.newchic.com/-menico-flats-3616/p-11417473669.html]
[sea.newchic.com/-menico-flats-3616/p-13415893669.html]
[sea.newchic.com/-menico-flats-3616/p-12390973669.html]
[sea.newchic.com/-menico-flats-3616/p-12198003669.html]
[sea.newchic.com/flats-3616/p-12288963669.html]
[sea.newchic.com/-menico-flats-3616/p-12164343669.html]
[sea.newchic.com/-menico-flats-3616/p-12198013669.html]
[sea.newchic.com/sneakersandathletic-3622/p-13445253669.html]
[sea.newchic.com/flats-3616/p-11268053669.html]
[sea.newchic.com/flats-3616/p-14397203669.html]
[sea.newchic.com/sneakersandathletic-3622/p-14210983669.html]
[sea.newchic.com/flats-3616/p-13810483669.html]
[sea.newchic.com/flats-3616/p-14360583669.html]
[sea.newchic.com/flats-3616/p-11798403669.html]
[sea.newchic.com/-menico-mens-boots-3618/p-14103773669.html]
[imgaz1.chiccdn.com/holiday_image/20190618021121698.png]
[imgaz1.chiccdn.com/os/201912/20191223033618_973.jpg]
[imgaz1.chiccdn.com/os/201912/20191223034656_706.jpg]
[imgaz1.chiccdn.com/os/201912/20191223034344_528.jpg]
[static.chiccdn.com/default/js/ZSfoot54b8.js]
[static.chiccdn.com/default/js/jq.lazyload.js]
[static.chiccdn.com/default/libs/account/js/affiliateCookies54b8.js]
[static.chiccdn.com/default/libs/collection/intell54b8.js]
[static.chiccdn.com/default/static/fashion-tpl/fashion-tpl54b8.js]
[dccss.banggood.com/dc/release/ncdc54b8.js]
[static.chiccdn.com/default/js/jg54b8.js]
[sea.newchic.com/pc-fashion-collection/86733669.html]
[sea.newchic.com/tempages-New-Arrivals-Trending/tid-3950e4ed.html]
[img.newchic.com/myos/2019/0820/20190820065309_455.jpg]
[sea.newchic.com/flats-3615/p-1571589ef51.html]
[sea.newchic.com/flats-3615/p-1574984ef51.html]
[sea.newchic.com/wallets-3611/p-1578840ef51.html]
[sea.newchic.com/crossbody-bags-3610/p-1569426ef51.html]
[sea.newchic.com/bra-and-panty-sets-6292/p-1569304ef51.html]
[sea.newchic.com/sexy-lingerie-4184/p-1569301ef51.html]
[sea.newchic.com/hats-and-caps-4192/p-1550618ef51.html]
[sea.newchic.com/hats-and-caps-4192/p-1558279ef51.html]
[sea.newchic.com/hats-and-caps-4192/p-1565136ef51.html]
[sea.newchic.com/hats-and-caps-4192/p-1569441ef51.html]
[sea.newchic.com/hats-and-caps-4192/p-1558517ef51.html]
[sea.newchic.com/flat-caps-12160/p-1561432ef51.html]
[sea.newchic.com/hats-and-caps-4192/p-1569443ef51.html]
[sea.newchic.com/hats-and-caps-4192/p-1562782ef51.html]
[sea.newchic.com/hats-and-caps-4192/p-1579748ef51.html]
[sea.newchic.com/hats-and-caps-4192/p-1565366ef51.html]
[sea.newchic.com/hats-and-caps-4192/p-1569434ef51.html]
[sea.newchic.com/hats-and-caps-4192/p-1555897ef51.html]
[sea.newchic.com/hats-and-caps-4192/p-1579750ef51.html]
[sea.newchic.com/hats-and-caps-4192/p-1565360ef51.html]
[sea.newchic.com/hats-and-caps-4192/p-1555898ef51.html]
[sea.newchic.com/hats-and-caps-4192/p-1564704ef51.html]
[sea.newchic.com/hats-and-caps-4192/p-1565362ef51.html]
[sea.newchic.com/hats-and-caps-4192/p-1579749ef51.html]
[sea.newchic.com/hats-and-caps-4192/p-1574833ef51.html]
[sea.newchic.com/hats-and-caps-4192/p-1565367ef51.html]
[sea.newchic.com/hats-and-caps-4192/p-1581185ef51.html]
[sea.newchic.com/hats-and-caps-4192/p-1569435ef51.html]
[sea.newchic.com/hats-and-caps-4192/p-1564703ef51.html]
[sea.newchic.com/hats-and-caps-4192/p-1565361ef51.html]
[sea.newchic.com/hats-and-caps-4192/p-1569436ef51.html]
[sea.newchic.com/hats-and-caps-4192/p-1569437ef51.html]
[sea.newchic.com/hats-and-caps-4192/p-1565130ef51.html]
[sea.newchic.com/hats-and-caps-4192/p-1565364ef51.html]
[sea.newchic.com/hats-and-caps-4192/p-1569438ef51.html]
[sea.newchic.com/hats-and-caps-4192/p-1579746ef51.html]
[sea.newchic.com/hats-and-caps-4192/p-1565134ef51.html]
[sea.newchic.com/earrings-4041/p-1578685ef51.html]
[sea.newchic.com/necklaces-4047/p-1570671ef51.html]
[sea.newchic.com/necklaces-4047/p-1578670ef51.html]
[sea.newchic.com/earrings-4041/p-1578696ef51.html]
[sea.newchic.com/necklaces-4047/p-1578690ef51.html]
[sea.newchic.com/earrings-4041/p-1581169ef51.html]
[sea.newchic.com/mens-bracelets-4082/p-1582127ef51.html]
[sea.newchic.com/necklaces-4047/p-1578676ef51.html]
[sea.newchic.com/necklaces-4047/p-1578693ef51.html]
[sea.newchic.com/necklaces-4047/p-1578681ef51.html]
[sea.newchic.com/necklaces-4047/p-1581175ef51.html]
[sea.newchic.com/earrings-4041/p-1578673ef51.html]
[sea.newchic.com/necklaces-4047/p-1578675ef51.html]
[sea.newchic.com/earrings-4041/p-1578694ef51.html]
[sea.newchic.com/bracelets-4043/p-1581170ef51.html]
[sea.newchic.com/mens-necklaces-4080/p-1567399ef51.html]
[sea.newchic.com/eye-shadow-4386/p-1578666ef51.html]
[sea.newchic.com/earrings-4041/p-1578695ef51.html]
[sea.newchic.com/necklaces-4047/p-1578669ef51.html]
[sea.newchic.com/earrings-4041/p-1578671ef51.html]
[sea.newchic.com/qibest-lip-gloss-4367/p-1575795ef51.html]
[sea.newchic.com/lip-liner-4368/p-1575790ef51.html]
[sea.newchic.com/eye-liner-4384/p-1578705ef51.html]
[sea.newchic.com/lip-gloss-4367/p-1578706ef51.html]
[sea.newchic.com/eye-liner-4384/p-1578713ef51.html]
[sea.newchic.com/qibest-lip-stick-4369/p-1575788ef51.html]
[sea.newchic.com/lip-gloss-4367/p-1575800ef51.html]
[sea.newchic.com/hats-and-caps-4192/p-1579744ef51.html]
[sea.newchic.com/hats-and-caps-4192/p-1579742ef51.html]
[sea.newchic.com/hats-and-caps-4192/p-1562783ef51.html]
[sea.newchic.com/hats-and-caps-4192/p-1563003ef51.html]
[sea.newchic.com/flat-caps-12160/p-1563129ef51.html]
[sea.newchic.com/hats-and-caps-4192/p-1563847ef51.html]
[sea.newchic.com/hats-and-caps-4192/p-1565358ef51.html]
[sea.newchic.com/hats-and-caps-4192/p-1579625ef51.html]
[sea.newchic.com/hats-and-caps-4192/p-1564226ef51.html]
[sea.newchic.com/necklaces-4047/p-1581171ef51.html]
[sea.newchic.com/men-watches-4551/p-1569268ef51.html]
[sea.newchic.com/necklaces-4047/p-1582118ef51.html]
[sea.newchic.com/bracelets-4043/p-1582119ef51.html]
[sea.newchic.com/necklaces-4047/p-1582123ef51.html]
[sea.newchic.com/men-watches-4551/p-1569266ef51.html]
[sea.newchic.com/women-watches-4548/p-1570674ef51.html]
[sea.newchic.com/necklaces-4047/p-1570669ef51.html]
[sea.newchic.com/women-watches-4548/p-1570670ef51.html]
[sea.newchic.com/necklaces-4047/p-1581180ef51.html]
[sea.newchic.com/women-watches-4548/p-1569269ef51.html]
[sea.newchic.com/men-watches-4551/p-1569270ef51.html]
[sea.newchic.com/other-makeup-tools-4016/p-1570675ef51.html]
[sea.newchic.com/necklaces-4047/p-1582126ef51.html]
[sea.newchic.com/other-makeup-tools-4016/p-1570672ef51.html]
[sea.newchic.com/men-watches-4551/p-1569267ef51.html]
[sea.newchic.com/necklaces-4047/p-1582125ef51.html]
[sea.newchic.com/necklaces-4047/p-1581182ef51.html]
[sea.newchic.com/women-watches-4548/p-1570673ef51.html]
[sea.newchic.com/lip-stick-4369/p-1575791ef51.html]
[sea.newchic.com/necklaces-4047/p-1578688ef51.html]
[sea.newchic.com/foundation-4376/p-1575793ef51.html]
[sea.newchic.com/highlighters-and-bronzers-5638/p-1575799ef51.html]
[sea.newchic.com/tempages-New-Arrivals-Trending/tid-39503e34.html]
[sea.newchic.com/tempages-New-in-Bags/tid-3951e4ed.html]
[img.newchic.com/myos/2019/0820/20190820075009_290.jpg]
[sea.newchic.com/chic-wallet-3614/p-15875577fe8.html]
[sea.newchic.com/chic-wallet-3614/p-15757337fe8.html]
[sea.newchic.com/crossbody-bags-3613/p-15875587fe8.html]
[sea.newchic.com/chic-wallet-3614/p-15760457fe8.html]
[sea.newchic.com/chic-wallet-3614/p-15757347fe8.html]
[sea.newchic.com/mens-backpacks-3621/p-14954477fe8.html]
[sea.newchic.com/chic-wallet-3614/p-15937467fe8.html]
[sea.newchic.com/crossbody-bags-3613/p-15944397fe8.html]
[sea.newchic.com/handbags-3609/p-15961687fe8.html]
[sea.newchic.com/handbags-3609/p-15961697fe8.html]
[sea.newchic.com/luggageandtravel-bags-4986/p-16001597fe8.html]
[sea.newchic.com/womens-storage-bags-4911/p-15998487fe8.html]
[sea.newchic.com/handbags-3609/p-15961727fe8.html]
[sea.newchic.com/handbags-3609/p-15961027fe8.html]
[sea.newchic.com/handbags-3609/p-15966877fe8.html]
[sea.newchic.com/handbags-3609/p-15966887fe8.html]
[sea.newchic.com/handbags-3609/p-15961017fe8.html]
[sea.newchic.com/womens-storage-bags-4911/p-15992927fe8.html]
[sea.newchic.com/wallets-3611/p-10586567fe8.html]
[sea.newchic.com/backpack-3624/p-1599293.44c7fe8.delayed]
[sea.newchic.com/handbags-3609/p-15892357fe8.html]
[sea.newchic.com/handbags-3609/p-15892377fe8.html]
[sea.newchic.com/backpack-3624/p-15982677fe8.html]
[sea.newchic.com/backpack-3624/p-15982667fe8.html]
[sea.newchic.com/tempages-New-in-Bags/tid-3951d146.html]
[sea.newchic.com/fashion-collection/10352.html]
[sea.newchic.com/templates/default/css/theme.css]
[static.chiccdn.com/default/edt_need/common/newchic_topic/newchic_topic.css]
[static.chiccdn.com/default/js/jquery.nav.js]
[sea.newchic.com/panties-7397/p-15362943622.html]
[imgaz1.chiccdn.com/thumb/list_grid/oaupload/ser1/newchic/images/8E/71/c80a3b06-a082-4ab3-b2be-3b91dfd4c260.jpg]
[imgaz1.chiccdn.com/thumb/list_grid/oaupload/ser1/newchic/images/2F/52/e3efc789-7237-4025-8fad-786a463a4222.jpg]
[imgaz1.chiccdn.com/thumb/list_grid/oaupload/ser1/newchic/images/AA/75/6f2bf41d-cc28-417e-8dc7-04afc5cb925d.jpg]
[imgaz1.chiccdn.com/thumb/list_grid/oaupload/ser1/newchic/images/14/33/c8ccbaac-155a-4ea0-b9f7-d3c22317df75.jpg]
[imgaz1.chiccdn.com/thumb/list_grid/oaupload/ser1/newchic/images/F6/3D/d4729bf5-37f9-4ef7-bd56-c537496abd1c.jpg]
[sea.newchic.com/panties-7397/p-15309513622.html]
[imgaz1.chiccdn.com/thumb/list_grid/oaupload/newchic/images/CB/46/833a6156-41f3-4273-8d6e-db63b15f0d84.jpg]
[sea.newchic.com/bra-and-bra-set-4183/p-15361913622.html]
[imgaz1.chiccdn.com/thumb/list_grid/oaupload/ser1/newchic/images/39/99/81f00336-1aa5-4b71-8252-b00c9e4b3c29.jpg]
[imgaz1.chiccdn.com/thumb/list_grid/oaupload/ser1/newchic/images/40/92/d6d51ec7-6425-4cc2-b808-a8b100e4bef7.jpg]
[imgaz1.chiccdn.com/thumb/list_grid/oaupload/ser1/newchic/images/DE/AE/9fd22d29-8383-48ad-ac66-34e7e74f5a24.jpg]
[sea.newchic.com/shapewear-12223/p-15327913622.html]
[imgaz1.chiccdn.com/thumb/list_grid/oaupload/newchic/images/DC/52/6c0fbc5c-ac6b-405b-9eaf-b5cda39b0290.jpg]
[imgaz1.chiccdn.com/thumb/list_grid/oaupload/newchic/images/F4/D8/64e2f72c-cbde-4290-84b3-b92f8c52cbf5.jpg]
[sea.newchic.com/plus-size-blouses-and-shirts-3956/p-15276103622.html]
[imgaz1.chiccdn.com/thumb/list_grid/oaupload/newchic/images/4D/70/76e6ab18-278c-48f5-8d6e-722cec0bb95e.jpg]
[sea.newchic.com/plus-size-blouses-and-shirts-3956/p-15272623622.html]
[imgaz1.chiccdn.com/thumb/list_grid/oaupload/newchic/images/E0/8D/d9a08e10-cfb7-4887-9d5d-756f48553529.jpg]
[sea.newchic.com/plus-size-blouses-and-shirts-3956/p-15381633622.html]
[imgaz1.chiccdn.com/thumb/list_grid/oaupload/ser1/newchic/images/1D/6A/7ecc3913-fb42-44e1-baa1-46ae21306c52.jpg]
[imgaz1.chiccdn.com/thumb/list_grid/oaupload/ser1/newchic/images/D2/B9/8fa455e1-93e0-4596-b0ef-74d2295cea5c.jpg]
[imgaz1.chiccdn.com/thumb/list_grid/oaupload/ser1/newchic/images/32/16/e4ab39ac-c6d2-406b-8523-366428b047d6.jpg]
[imgaz1.chiccdn.com/thumb/list_grid/oaupload/ser1/newchic/images/50/1B/cbf10a0e-f01c-466f-ac49-917747669393.jpg]
[sea.newchic.com/plus-size-blouses-and-shirts-3956/p-15355303622.html]
[imgaz1.chiccdn.com/thumb/list_grid/oaupload/ser1/newchic/images/59/1D/11e04b25-18a8-426e-ab9d-b7660b011cb8.jpg]
[sea.newchic.com/plus-size-print-dresses-5159/p-15334433622.html]
[imgaz1.chiccdn.com/thumb/list_grid/oaupload/newchic/images/34/FF/217ccda1-ae82-4b97-b775-20de15232294.jpg]
[imgaz1.chiccdn.com/thumb/list_grid/oaupload/newchic/images/FC/54/b1857794-90ca-4fe3-b3d5-53b3c8487249.jpg]
[imgaz1.chiccdn.com/thumb/list_grid/oaupload/newchic/images/5B/0B/a8afd41b-9777-4f2f-8d07-87b090716fca.jpg]
[sea.newchic.com/plus-size-blouses-and-shirts-3956/p-15278843622.html]
[imgaz1.chiccdn.com/thumb/list_grid/oaupload/newchic/images/EB/12/18c8f49b-16cd-418b-934e-defed0c1e828.jpg]
[sea.newchic.com/plus-size-blouses-and-shirts-3956/p-15272643622.html]
[imgaz1.chiccdn.com/thumb/list_grid/oaupload/newchic/images/AE/6F/3eb1ba5d-1ca3-4724-a6fa-9f240a3ad394.jpg]
[sea.newchic.com/plus-size-blouses-and-shirts-3956/p-15272633622.html]
[imgaz1.chiccdn.com/thumb/list_grid/oaupload/newchic/images/A8/4D/200d8192-8e8c-40b1-92ca-9c92d9d779f5.jpg]
[sea.newchic.com/plus-size-blouses-and-shirts-3956/p-15272613622.html]
[imgaz1.chiccdn.com/thumb/list_grid/oaupload/newchic/images/43/B3/1d1af4f7-015c-41be-82ba-99a8a13e30a7.jpg]
[sea.newchic.com/plus-size-blouses-and-shirts-3956/p-15272603622.html]
[imgaz1.chiccdn.com/thumb/list_grid/oaupload/newchic/images/B0/5D/1219c0b7-a8e7-4e17-92f0-4e4421208f6f.jpg]
[sea.newchic.com/plus-size-blouses-and-shirts-3956/p-15266503622.html]
[imgaz1.chiccdn.com/thumb/list_grid/oaupload/newchic/images/F7/32/3ccd46cd-21c3-429d-8a7b-034f99e85f7f.jpg]
[imgaz1.chiccdn.com/thumb/list_grid/oaupload/newchic/images/48/FA/aaa7ead5-a5d8-453b-80d8-4e94275e1ff7.jpg]
[imgaz1.chiccdn.com/thumb/list_grid/oaupload/newchic/images/7D/99/4403ed6c-3741-4366-bc3a-512a90dea07a.jpg]
[imgaz1.chiccdn.com/thumb/list_grid/oaupload/newchic/images/40/11/e7acb91d-fe51-46fe-a418-682a663372cf.jpg]
[imgaz1.chiccdn.com/thumb/list_grid/oaupload/newchic/images/81/53/cee291c8-0ba7-4207-9a0e-f2022cdc831e.jpg]
[sea.newchic.com/templates/default/images/grey.gif]
[static.chiccdn.com/default/edt_need/common/newchic_topic/newchic_top54b8.js]
[static.chiccdn.com/default/js/quick_buy54b8.js]
[sea.newchic.com/fashion-collection/103523622.html]
[sea.newchic.com/tempages-Newchic-6th-anniversary-Saving-Tips/tid-9565e4ed.html]
[imgaz1.chiccdn.com/myos/2020/0731/20200731042210_975.jpg]
[imgaz1.chiccdn.com/myos/2020/0831/20200831045431_937.jpg]
[imgaz1.chiccdn.com/myos/2020/0813/20200813233415_993.jpg]
[imgaz1.chiccdn.com/myos/2020/0709/20200709034813_465.gif]
[imgaz1.chiccdn.com/myos/2020/0708/20200708023544_126.jpg]
[imgaz1.chiccdn.com/myos/2020/0708/20200708023601_923.jpg]
[imgaz1.chiccdn.com/myos/2020/0702/20200702020721_860.jpg]
[imgaz1.chiccdn.com/myos/2020/0702/20200702020745_686.jpg]
[imgaz1.chiccdn.com/myos/2020/0824/20200824222721_947.jpg]
[sea.newchic.com/tempages-Newchic-6th-anniversary-sale/tid-106593e01.html]
[imgaz1.chiccdn.com/myos/2020/0820/20200820045348_486.jpg]
[imgaz1.chiccdn.com/myos/2020/0708/20200708023641_439.jpg]
[sea.newchic.com/socofy-heels-3598/p-1626951353c.html]
[sea.newchic.com/flats-3615/p-1620262353c.html]
[sea.newchic.com/flats-3615/p-1707145353c.html]
[sea.newchic.com/braandbra-sets-10355/p-1349443353c.html]
[sea.newchic.com/flats-3616/p-1703264353c.html]
[sea.newchic.com/bra-and-bra-set-4183/p-1393300353c.html]
[sea.newchic.com/gracila-jumpsuits-and-rompers-3702/p-1673979353c.html]
[sea.newchic.com/ycosic-coats-3668/p-1595860353c.html]
[sea.newchic.com/gracila-jumpsuits-and-rompers-3702/p-1666182353c.html]
[sea.newchic.com/t-shirts-3666/p-1676460353c.html]
[sea.newchic.com/print-dresses-3677/p-1692064353c.html]
[sea.newchic.com/jumpsuits-and-rompers-3702/p-1701927353c.html]
[sea.newchic.com/plus-size-blouses-and-shirts-3956/p-1713351353c.html]
[sea.newchic.com/plus-size-blouses-and-shirts-3956/p-1661858353c.html]
[sea.newchic.com/girls-bottoms-4671/p-1499924353c.html]
[sea.newchic.com/synthetic-wigs-4150/p-1691191353c.html]
[sea.newchic.com/-menico-flats-3616/p-1216434353c.html]
[sea.newchic.com/-menico-mens-sandals-4188/p-1668924353c.html]
[sea.newchic.com/-menico-sneakersandathletic-3622/p-1687619353c.html]
[sea.newchic.com/chic-wallet-3614/p-1650488353c.html]
[sea.newchic.com/pajama-bottoms-12179/p-1660346353c.html]
[sea.newchic.com/pajamas-sets-6150/p-1376012353c.html]
[sea.newchic.com/shirts-12209/p-1695586353c.html]
[sea.newchic.com/charmkpr-hoodies-12200/p-1724037353c.html]
[sea.newchic.com/charmkpr-shirts-12209/p-1717850353c.html]
[sea.newchic.com/charmkpr-shirts-12209/p-1717854353c.html]
[sea.newchic.com/charmkpr-shirts-12209/p-1717853353c.html]
[sea.newchic.com/flat-caps-12160/p-1717580353c.html]
[sea.newchic.com/men-watches-4551/p-1712474353c.html]
[sea.newchic.com/tapestries-5492/p-1712993353c.html]
[imgaz1.chiccdn.com/myos/2020/0708/20200708031527_375.jpg]
[imgaz1.chiccdn.com/myos/2020/0708/20200708031541_356.jpg]
[imgaz1.chiccdn.com/myos/2020/0708/20200708023921_526.jpg]
[imgaz1.chiccdn.com/myos/2020/0708/20200708023930_542.jpg]
[imgaz1.chiccdn.com/myos/2020/0811/20200811065943_800.jpg]
[imgaz1.chiccdn.com/myos/2020/0702/20200702021240_673.jpg]
[imgaz1.chiccdn.com/myos/2020/0702/20200702021246_293.jpg]
[imgaz1.chiccdn.com/myos/2020/0702/20200702021254_569.jpg]
[imgaz1.chiccdn.com/myos/2020/0708/20200708023943_574.jpg]
[imgaz1.chiccdn.com/myos/2020/0708/20200708024033_175.jpg]
[sea.newchic.com/socofy-brand-2987178.html]
[imgaz1.chiccdn.com/myos/2020/0708/20200708024040_115.jpg]
[sea.newchic.com/gracila-brand-24708ea.html]
[imgaz1.chiccdn.com/myos/2020/0708/20200708024051_629.jpg]
[sea.newchic.com/charmkpr-brand-39eddf.html]
[imgaz1.chiccdn.com/myos/2020/0708/20200708024059_552.jpg]
[sea.newchic.com/menico-brand-1716.html]
[imgaz1.chiccdn.com/myos/2020/0708/20200708024119_921.jpg]
[sea.newchic.com/e-ekphero-chic-wallet-3614/p-171173352d0.html]
[sea.newchic.com/blouses-and-shirts-3689/p-166742852d0.html]
[sea.newchic.com/o-newe-plus-size-blouses-and-shirts-3956/p-165866352d0.html]
[sea.newchic.com/sweaters-3943/p-171131552d0.html]
[sea.newchic.com/lostisy-flats-3615/p-172051852d0.html]
[sea.newchic.com/chic-wallet-3614/p-172622952d0.html]
[sea.newchic.com/plus-size-blouses-and-shirts-3956/p-172213452d0.html]
[sea.newchic.com/mens-boots-3618/p-172838352d0.html]
[sea.newchic.com/chic-wallet-3614/p-172617452d0.html]
[sea.newchic.com/gracila-vintage-dresses-3664/p-171912252d0.html]
[sea.newchic.com/socofy-womens-boots-3599/p-172816552d0.html]
[sea.newchic.com/blouses-and-shirts-3689/p-172147352d0.html]
[sea.newchic.com/-menico-mens-boots-3618/p-171416952d0.html]
[sea.newchic.com/necklaces-4047/p-172458752d0.html]
[sea.newchic.com/men-watches-4551/p-171500752d0.html]
[sea.newchic.com/sneakersandathletic-3596/p-172299352d0.html]
[sea.newchic.com/bedding-sets-5811/p-172186152d0.html]
[imgaz1.chiccdn.com/myos/2020/0702/20200702021516_555.jpg]
[imgaz1.chiccdn.com/myos/2020/0702/20200702021521_170.jpg]
[imgaz1.chiccdn.com/myos/2020/0702/20200702021526_337.jpg]
[imgaz1.chiccdn.com/myos/2020/0702/20200702021532_146.jpg]
[imgaz1.chiccdn.com/myos/2020/0702/20200702021555_178.jpg]
[imgaz1.chiccdn.com/myos/2020/0702/20200702021600_288.jpg]
[imgaz1.chiccdn.com/myos/2020/0702/20200702021604_599.jpg]
[imgaz1.chiccdn.com/myos/2020/0702/20200702021609_311.jpg]
[imgaz1.chiccdn.com/myos/2020/0702/20200702021621_104.jpg]
[imgaz1.chiccdn.com/myos/2020/0702/20200702021626_472.jpg]
[imgaz1.chiccdn.com/myos/2020/0702/20200702021630_925.jpg]
[imgaz1.chiccdn.com/myos/2020/0702/20200702021637_145.jpg]
[imgaz1.chiccdn.com/myos/2020/0708/20200708024201_292.jpg]
[sea.newchic.com/henley-shirts-12211/p-1676437764b.html]
[sea.newchic.com/flats-3616/p-1686659764b.html]
[sea.newchic.com/pants-and-capris-3674/p-1661710764b.html]
[sea.newchic.com/flats-3616/p-1687903764b.html]
[sea.newchic.com/henley-shirts-12211/p-1361733764b.html]
[sea.newchic.com/fullglady-bra-and-bra-set-4183/p-1533303764b.html]
[sea.newchic.com/o-newe-plus-size-coats-and-jackets-3957/p-1561403764b.html]
[sea.newchic.com/t-shirts-3666/p-1655044764b.html]
[sea.newchic.com/gracila-pants-and-capris-3674/p-1663956764b.html]
[sea.newchic.com/e-ekphero-chic-wallet-3614/p-1704506764b.html]
[sea.newchic.com/t-shirts-12208/p-1650894764b.html]
[sea.newchic.com/charmkpr-shirts-12209/p-1662372764b.html]
[sea.newchic.com/gracila-t-shirts-3666/p-1656834764b.html]
[sea.newchic.com/henley-shirts-12211/p-1439022764b.html]
[sea.newchic.com/e-ekphero-chic-wallet-3614/p-1689612764b.html]
[sea.newchic.com/-menico-flats-3616/p-1651734764b.html]
[sea.newchic.com/charmkpr-shirts-12209/p-1644753764b.html]
[sea.newchic.com/charmkpr-t-shirts-12208/p-1689337764b.html]
[sea.newchic.com/flats-3616/p-1533324764b.html]
[sea.newchic.com/t-shirts-12208/p-1677892764b.html]
[sea.newchic.com/shirts-12209/p-1527110764b.html]
[sea.newchic.com/charmkpr-shirts-12209/p-1496404764b.html]
[sea.newchic.com/t-shirts-3666/p-1661821764b.html]
[sea.newchic.com/baseball-caps-12158/p-1661138764b.html]
[sea.newchic.com/charmkpr-pajamas-sets-6150/p-1711299764b.html]
[sea.newchic.com/o-newe-plus-size-pants-and-capris-3959/p-1667484764b.html]
[sea.newchic.com/shirts-12209/p-1646547764b.html]
[sea.newchic.com/t-shirts-12208/p-1685394764b.html]
[sea.newchic.com/charmkpr-shirts-12209/p-1644845764b.html]
[sea.newchic.com/flats-3616/p-1702713764b.html]
[sea.newchic.com/t-shirts-3666/p-1651757764b.html]
[sea.newchic.com/shirts-12209/p-1649599764b.html]
[sea.newchic.com/print-dresses-3677/p-1691484764b.html]
[sea.newchic.com/flats-3615/p-1538212764b.html]
[sea.newchic.com/pajama-bottoms-12179/p-1710283764b.html]
[sea.newchic.com/shirts-12209/p-1687607764b.html]
[sea.newchic.com/pants-and-capris-3674/p-1662798764b.html]
[sea.newchic.com/e-ekphero-chic-wallet-3614/p-1644205764b.html]
[sea.newchic.com/t-shirts-12208/p-1672664764b.html]
[sea.newchic.com/shirts-12209/p-1715371764b.html]
[sea.newchic.com/gracila-pants-and-capris-3674/p-1617649764b.html]
[sea.newchic.com/flats-3616/p-1474682764b.html]
[sea.newchic.com/two-sided-henley-shirts-12211/p-1463235764b.html]
[sea.newchic.com/t-shirts-3666/p-1671268764b.html]
[sea.newchic.com/charmkpr-shirts-12209/p-1680786764b.html]
[sea.newchic.com/bra-and-bra-set-4183/p-1236656764b.html]
[sea.newchic.com/sneakersandathletic-3596/p-1591892764b.html]
[sea.newchic.com/t-shirts-12208/p-1687412764b.html]
[sea.newchic.com/womens-slippers-3600/p-1462393764b.html]
[sea.newchic.com/jumpsuits-and-rompers-3702/p-1664205764b.html]
[imgaz1.chiccdn.com/myos/2020/0708/20200708024222_260.jpg]
[imgaz1.chiccdn.com/myos/2020/0708/20200708024236_803.jpg]
[sea.newchic.com/tempages-Newchic-6th-anniversary-Saving-Tips/tid-9565b3b8.html]
[sea.newchic.com/mens-clothing-c-3581/index.html]
[sea.newchic.com/shirts-c-12209/index.html]
[static.chiccdn.com/web/build/pages/select-tool/index.17e7ba23.css]
[sea.newchic.com/shirts-12209/p-1558513a6b5.html]
[imgaz1.chiccdn.com/thumb/view/oaupload/ser1/newchic/images/16/1B/e7eb27c5-0d76-48ae-9ef4-80c108257fe2.jpg]
[imgaz1.chiccdn.com/thumb/view/oaupload/newchic/images/40/4C/11263e1e-118e-4d51-87eb-bb0e13ea8d03.jpg]
[imgaz1.chiccdn.com/thumb/view/oaupload/newchic/images/D5/8A/91e2bb43-8de3-4c2f-b4a3-b163396cb11c.jpg]
[sea.newchic.com/incerun-shirts-12209/p-1639578a6b5.html]
[imgaz1.chiccdn.com/thumb/view/oaupload/ser1/newchic/images/84/AF/5120d90f-9cc9-4b19-a189-c28c41357af1.jpg]
[imgaz1.chiccdn.com/os/202008/20200815022153_240.png]
[imgaz1.chiccdn.com/thumb/view/oaupload/ser1/newchic/images/7A/84/7a7a6de0-a466-4bea-9e27-363d331b81cd.jpg]
[imgaz1.chiccdn.com/thumb/view/oaupload/ser1/newchic/images/DB/FF/fe465f10-3be9-4438-8083-7cf718601d24.jpg]
[imgaz1.chiccdn.com/thumb/view/oaupload/ser1/newchic/images/54/D0/30341421-752b-4feb-afea-5c8f2426a7bc.jpg]
[sea.newchic.com/charmkpr-shirts-12209/p-1727996a6b5.html]
[imgaz1.chiccdn.com/thumb/view/oaupload/newchic/images/4B/E7/cd8e9b35-de9c-471e-8c26-5d53d84503f6.jpg]
[imgaz1.chiccdn.com/thumb/view/oaupload/newchic/images/A2/9E/eaf354f6-458c-4401-a781-46c64b843007.jpg]
[imgaz1.chiccdn.com/thumb/view/oaupload/newchic/images/C6/0C/d1c0b811-7d95-4eaf-b9af-3cb138065017.jpg]
[sea.newchic.com/charmkpr-shirts-12209/p-1727998a6b5.html]
[imgaz1.chiccdn.com/thumb/view/oaupload/newchic/images/EF/F6/1478c0b3-8572-4da2-9d72-8127ec1cae80.jpg]
[imgaz1.chiccdn.com/thumb/view/oaupload/newchic/images/D5/29/0e0e0ca0-8cfa-4ca0-a2ad-ef1d65fc7fa1.jpg]
[imgaz1.chiccdn.com/thumb/view/oaupload/newchic/images/B0/7C/87efc38e-5c27-4233-a133-be972ca841cb.jpg]
[sea.newchic.com/two-sided-shirts-12209/p-1548903a6b5.html]
[imgaz1.chiccdn.com/thumb/view/oaupload/ser1/newchic/images/CB/81/da13001c-f845-4613-b426-959b850f23a0.jpg]
[imgaz1.chiccdn.com/thumb/view/oaupload/ser1/newchic/images/90/52/2736b43b-eabf-4094-8729-dc055d70adb3.jpg]
[imgaz1.chiccdn.com/thumb/view/oaupload/ser1/newchic/images/6F/CB/c36f41ee-1d75-46a2-8e52-942ec89681af.jpg]
[imgaz1.chiccdn.com/thumb/view/oaupload/ser1/newchic/images/F0/47/4b4bec44-1954-4840-aa46-286d6eff7251.jpg]
[sea.newchic.com/shirts-12209/p-1720022a6b5.html]
[imgaz1.chiccdn.com/thumb/view/oaupload/newchic/images/44/5A/8564a0a1-727a-4dc2-8369-0bba345e751a.jpg]
[imgaz1.chiccdn.com/thumb/view/oaupload/newchic/images/BB/FB/f7a69737-dd2f-416b-9c9f-f55b237a500b.jpg]
[imgaz1.chiccdn.com/thumb/view/oaupload/newchic/images/7C/89/fe5810f4-9b19-46b5-ab96-ca265b72f411.jpg]
[imgaz1.chiccdn.com/thumb/view/oaupload/newchic/images/95/24/3af5015c-ff37-4d22-81ae-d764015de1ce.jpg]
[imgaz1.chiccdn.com/thumb/view/oaupload/newchic/images/FB/66/a6ee54a4-c5b0-45d8-98e5-2da25fdeb99f.jpg]
[imgaz1.chiccdn.com/thumb/view/oaupload/newchic/images/15/2C/01f970ec-20d8-46f8-b222-7fa196cb695c.jpg]
[imgaz1.chiccdn.com/thumb/view/oaupload/ser1/newchic/images/26/D5/84ec8a78-6bca-4177-83d9-afe0f9ea3f68.jpg]
[sea.newchic.com/shirts-12209/p-1568013a6b5.html]
[imgaz1.chiccdn.com/thumb/view/oaupload/ser1/newchic/images/64/E7/e19ef4a6-e960-4a81-bae6-5536f736d3fe.jpg]
[imgaz1.chiccdn.com/thumb/view/oaupload/ser1/newchic/images/27/E8/76a71f2b-d6f6-4a88-ba18-cf5276cada99.jpg]
[sea.newchic.com/incerun-shirts-12209/p-1551779a6b5.html]
[imgaz1.chiccdn.com/thumb/view/oaupload/ser1/newchic/images/2A/BF/07c383cb-5228-4ee0-a6a9-221741bada92.jpg]
[imgaz1.chiccdn.com/thumb/view/oaupload/ser1/newchic/images/0E/9E/0f35d8ed-d8cc-4486-9f6b-27ed5d2f53bf.jpg]
[sea.newchic.com/charmkpr-shirts-12209/p-1698356a6b5.html]
[imgaz1.chiccdn.com/thumb/view/oaupload/newchic/images/5D/72/3a414fa5-4400-4002-aff8-c99bf42167e0.jpg]
[imgaz1.chiccdn.com/thumb/view/oaupload/newchic/images/C1/43/166096be-ea5c-4007-8908-d79e48102c78.jpg]
[sea.newchic.com/charmkpr-shirts-12209/p-1717854a6b5.html]
[imgaz1.chiccdn.com/thumb/view/oaupload/newchic/images/07/77/9d0eb1b4-8fc7-4e43-9cc3-de112f79ebd4.jpg]
[imgaz1.chiccdn.com/thumb/view/oaupload/newchic/images/FB/5A/6e6501f4-fce2-4589-aef7-2152f3d631e7.jpg]
[sea.newchic.com/incerun-shirts-12209/p-1555127a6b5.html]
[imgaz1.chiccdn.com/thumb/view/oaupload/ser1/newchic/images/CA/7C/0e7176a8-4dd5-43fc-adf2-bdd3b0d6362f.jpg]
[imgaz1.chiccdn.com/thumb/view/oaupload/ser1/newchic/images/FE/F7/d20dd2e3-273b-4120-a2df-b86bfb08a971.jpg]
[imgaz1.chiccdn.com/thumb/view/oaupload/ser1/newchic/images/80/97/c47d1039-d937-46fa-abf9-ea93000b238f.jpg]
[imgaz1.chiccdn.com/thumb/view/oaupload/newchic/images/91/5F/cbeba19a-29dc-4704-b765-3e3f93984d66.jpg]
[sea.newchic.com/charmkpr-shirts-12209/p-1692402a6b5.html]
[imgaz1.chiccdn.com/thumb/view/oaupload/newchic/images/C0/92/692bbbeb-5f18-406a-857b-49a4b60f198d.jpg]
[imgaz1.chiccdn.com/thumb/view/oaupload/newchic/images/B1/73/bc0171fd-ad06-4ee5-b171-644df78e2c23.jpg]
[sea.newchic.com/charmkpr-shirts-12209/p-1717849a6b5.html]
[sea.newchic.com/shirts-12209/p-1565622a6b5.html]
[imgaz1.chiccdn.com/thumb/view/oaupload/ser1/newchic/images/F6/2E/0271a5fe-4224-4a4e-89fb-a0aa7b8bd192.jpg]
[sea.newchic.com/shirts-12209/p-1635073a6b5.html]
[imgaz1.chiccdn.com/thumb/view/oaupload/ser1/newchic/images/E7/B3/589f65e9-475e-49e0-baf7-9f7bbffe36a3.jpg]
[imgaz1.chiccdn.com/thumb/view/oaupload/ser1/newchic/images/27/34/4fe15cba-23a7-4c2f-a1d7-171bc21767d3.jpg]
[sea.newchic.com/charmkpr-shirts-12209/p-1531840a6b5.html]
[imgaz1.chiccdn.com/thumb/view/oaupload/newchic/images/69/09/bc4eb83d-8bad-49dd-8a78-448e2196e0c8.jpg]
[imgaz1.chiccdn.com/thumb/view/oaupload/newchic/images/4F/62/6fbb775f-6ed9-4e27-9f7e-4b71ae475bb7.jpg]
[imgaz1.chiccdn.com/thumb/view/oaupload/newchic/images/10/FE/911168f3-858f-4da0-93e0-27bab5a7ddca.jpg]
[sea.newchic.com/shirts-12209/p-1642414a6b5.html]
[imgaz1.chiccdn.com/thumb/view/oaupload/ser1/newchic/images/F0/AA/8568765b-8fe2-4a36-b052-ca702111e0d5.jpg]
[imgaz1.chiccdn.com/thumb/view/oaupload/ser1/newchic/images/DF/59/abe8b037-7fb6-4ad7-9548-5f7347ff2c04.jpg]
[sea.newchic.com/shirts-12209/p-1532541a6b5.html]
[imgaz1.chiccdn.com/thumb/view/oaupload/newchic/images/64/D0/634d862d-1fb3-42b3-b319-defac51910e3.jpg]
[imgaz1.chiccdn.com/thumb/view/oaupload/newchic/images/1C/E0/f0eff0e4-fb81-4c0b-9ff8-5b1bc8be16b7.jpg]
[sea.newchic.com/shirts-12209/p-1720479a6b5.html]
[imgaz1.chiccdn.com/thumb/view/oaupload/newchic/images/56/67/c0e4b6ff-8c21-4baf-98fe-faa4fc68d5f3.jpg]
[sea.newchic.com/shirts-12209/p-1721026a6b5.html]
[imgaz1.chiccdn.com/thumb/view/oaupload/newchic/images/30/B6/c60b8fa0-7f97-4cdf-9758-3f166cb1a737.jpg]
[sea.newchic.com/charmkpr-shirts-12209/p-1714992a6b5.html]
[imgaz1.chiccdn.com/thumb/view/oaupload/newchic/images/BF/35/9bf9bb43-0671-4956-ba03-8665c8fe7135.jpg]
[imgaz1.chiccdn.com/thumb/view/oaupload/newchic/images/BF/9A/f6ef526b-ad25-485e-a215-f2953068e847.jpg]
[imgaz1.chiccdn.com/thumb/view/oaupload/newchic/images/DD/5F/cbbbd8bf-4e7a-418e-9fe4-2b999d800d21.jpg]
[imgaz1.chiccdn.com/thumb/view/oaupload/newchic/images/ED/AF/2eb2aae5-ab62-4de7-ab2b-02a8ff7d77fa.jpg]
[sea.newchic.com/charmkpr-shirts-12209/p-1717850a6b5.html]
[imgaz1.chiccdn.com/thumb/view/oaupload/newchic/images/92/F1/7ead190c-e1ec-46d2-947b-fdb9de044989.jpg]
[sea.newchic.com/charmkpr-shirts-12209/p-1727997a6b5.html]
[imgaz1.chiccdn.com/thumb/view/oaupload/newchic/images/19/B0/d1471323-52fb-4d3d-8101-d45885105f20.jpg]
[imgaz1.chiccdn.com/thumb/view/oaupload/newchic/images/9E/DB/fc331e63-8430-48a8-9905-9acaf978d7a0.jpg]
[imgaz1.chiccdn.com/thumb/view/oaupload/newchic/images/BD/09/1805d23b-a3da-4031-9f6e-881cbbeb3cb3.jpg]
[sea.newchic.com/charmkpr-shirts-12209/p-1714993a6b5.html]
[imgaz1.chiccdn.com/thumb/view/oaupload/newchic/images/97/62/197a8b7f-16f4-46e2-9dae-acd657746295.jpg]
[imgaz1.chiccdn.com/thumb/view/oaupload/newchic/images/77/1F/00584bfc-a669-4855-995e-1b02a17f669c.jpg]
[imgaz1.chiccdn.com/thumb/view/oaupload/newchic/images/4B/58/21491e87-ebfa-446a-b1ff-6df32db01133.jpg]
[sea.newchic.com/two-sided-shirts-12209/p-1548287a6b5.html]
[imgaz1.chiccdn.com/thumb/view/oaupload/ser1/newchic/images/45/3E/c58c97fb-bd37-4f45-b8bc-68e21f7053e2.jpg]
[imgaz1.chiccdn.com/thumb/view/oaupload/ser1/newchic/images/39/72/51b37207-6f89-4e4b-a9d3-71b4f311c328.jpg]
[imgaz1.chiccdn.com/thumb/view/oaupload/ser1/newchic/images/BF/A7/9c2f44ba-0198-42f7-bf70-c0ec3be1a564.jpg]
[sea.newchic.com/charmkpr-shirts-12209/p-1728000a6b5.html]
[imgaz1.chiccdn.com/thumb/view/oaupload/newchic/images/D7/DB/685f12b5-f530-40a1-999c-d762cd5d05d5.jpg]
[imgaz1.chiccdn.com/thumb/view/oaupload/newchic/images/52/A8/70a0fe23-f67c-46e4-89fc-0dd892b153a6.jpg]
[imgaz1.chiccdn.com/thumb/view/oaupload/newchic/images/91/E1/66ffe8ff-7316-4139-8c70-89d0c7a14fad.jpg]
[sea.newchic.com/shirts-12209/p-1525738a6b5.html]
[imgaz1.chiccdn.com/thumb/view/oaupload/newchic/images/A8/FC/43c54346-82df-483a-a4c8-c9351de5dbf6.jpg]
[imgaz1.chiccdn.com/thumb/view/oaupload/newchic/images/EC/B1/0aab24c5-b5aa-44c6-8830-cd157f4165e3.jpg]
[imgaz1.chiccdn.com/thumb/view/oaupload/newchic/images/56/90/5186028e-43ea-4c14-8068-117729ac78d3.jpg]
[sea.newchic.com/shirts-12209/p-1551244a6b5.html]
[imgaz1.chiccdn.com/thumb/view/oaupload/ser1/newchic/images/22/15/f88056b9-5a7e-4cda-afef-6eba3f5e8af5.jpg]
[imgaz1.chiccdn.com/thumb/view/oaupload/newchic/images/0B/75/06ffb6b5-d422-4079-895c-460f0c2bd417.jpg]
[sea.newchic.com/charmkpr-shirts-12209/p-1719906a6b5.html]
[imgaz1.chiccdn.com/thumb/view/oaupload/newchic/images/21/25/0ecd3c39-e24d-44ee-b9e3-fa633672b21f.jpg]
[sea.newchic.com/shirts-12209/p-1567903a6b5.html]
[imgaz1.chiccdn.com/thumb/view/oaupload/ser1/newchic/images/A8/FF/27cac41e-f96c-47e9-8207-d3ed6e4c2837.jpg]
[imgaz1.chiccdn.com/thumb/view/oaupload/ser1/newchic/images/D5/DE/061848cb-6037-4be7-8c9c-a5674b5b0863.jpg]
[sea.newchic.com/charmkpr-shirts-12209/p-1719910a6b5.html]
[imgaz1.chiccdn.com/thumb/view/oaupload/newchic/images/1A/ED/0ab77eea-19ea-4ba0-a3dd-e5498040bb80.jpg]
[imgaz1.chiccdn.com/thumb/view/oaupload/newchic/images/E9/CF/17bc3876-98b2-4c7d-96bb-6870ecde7646.jpg]
[sea.newchic.com/charmkpr-shirts-12209/p-1721018a6b5.html]
[imgaz1.chiccdn.com/thumb/view/oaupload/newchic/images/F7/3C/866e160e-e816-450f-9a43-198170cc4ce6.jpg]
[imgaz1.chiccdn.com/thumb/view/oaupload/newchic/images/A9/66/90154930-aa85-4ed0-b975-04f32850eed8.jpg]
[sea.newchic.com/incerun-shirts-12209/p-1551778a6b5.html]
[imgaz1.chiccdn.com/thumb/view/oaupload/ser1/newchic/images/5A/11/8958ee7f-bff5-4076-86ea-ffa3522bbb07.jpg]
[imgaz1.chiccdn.com/thumb/view/oaupload/ser1/newchic/images/7D/F2/3bb3f9a1-e90f-46ce-bd80-323c720ff080.jpg]
[imgaz1.chiccdn.com/thumb/view/oaupload/ser1/newchic/images/2E/C1/864e69d7-2fa5-41b8-8231-69d22e964fa8.jpg]
[imgaz1.chiccdn.com/thumb/view/oaupload/ser1/newchic/images/FF/54/e3646a2a-6716-4d84-a056-97a4c4e124e7.jpg]
[sea.newchic.com/charmkpr-shirts-12209/p-1557943a6b5.html]
[imgaz1.chiccdn.com/thumb/view/oaupload/ser1/newchic/images/87/50/e8697911-ca48-41a6-8b99-bb339643944a.jpg]
[imgaz1.chiccdn.com/thumb/view/oaupload/ser1/newchic/images/3A/A0/f6fddef1-18d0-4413-b00e-439228d66372.jpg]
[imgaz1.chiccdn.com/thumb/view/oaupload/ser1/newchic/images/15/99/46312d0e-a54b-444e-b3da-0fb0623323c4.jpg]
[sea.newchic.com/incerun-henley-shirts-12211/p-1550315a6b5.html]
[imgaz1.chiccdn.com/thumb/view/oaupload/ser1/newchic/images/FE/6B/2ea4ee6e-5b4a-4a62-ba8d-4c5c35f88e85.jpg]
[sea.newchic.com/incerun-shirts-12209/p-1555915a6b5.html]
[imgaz1.chiccdn.com/thumb/view/oaupload/ser1/newchic/images/F5/33/185b5135-f306-4926-b9f0-ec8d8ee1c643.jpg]
[imgaz1.chiccdn.com/thumb/view/oaupload/ser1/newchic/images/7C/56/14ac287d-d636-4885-a801-657983b4706f.jpg]
[sea.newchic.com/shirts-12209/p-1720495a6b5.html]
[imgaz1.chiccdn.com/thumb/view/oaupload/newchic/images/7B/27/7505f691-3d8e-48ab-b09d-7ae39539eab7.jpg]
[sea.newchic.com/t-shirts-12208/p-1711502a6b5.html]
[sea.newchic.com/incerun-shirts-12209/p-1546414a6b5.html]
[imgaz1.chiccdn.com/thumb/view/oaupload/ser1/newchic/images/3E/80/bcde36e0-53d0-4772-b36d-aa05660366ee.jpg]
[imgaz1.chiccdn.com/thumb/view/oaupload/ser1/newchic/images/2C/C7/9a8a016a-c30a-426b-a279-ac6edf6acc47.jpg]
[sea.newchic.com/charmkpr-shirts-12209/p-1723844a6b5.html]
[imgaz1.chiccdn.com/thumb/view/oaupload/newchic/images/94/F0/81f90fa6-3b68-41f5-98c3-697e28f366b2.jpg]
[sea.newchic.com/shirts-12209/p-1642200a6b5.html]
[imgaz1.chiccdn.com/thumb/view/oaupload/ser1/newchic/images/AF/92/0c05c4ca-5a15-48eb-8a46-0b257c07fc0b.jpg]
[imgaz1.chiccdn.com/thumb/view/oaupload/ser1/newchic/images/BB/38/e2700773-080c-42b5-bf2f-4a9c1863baa4.jpg]
[sea.newchic.com/charmkpr-shirts-12209/p-1589747a6b5.html]
[imgaz1.chiccdn.com/thumb/view/oaupload/newchic/images/F4/B8/f3fb1825-9632-426f-ad85-d8760bbd995f.jpg]
[imgaz1.chiccdn.com/thumb/view/oaupload/ser1/newchic/images/D9/93/36b9f99a-7df2-4143-bf4d-b65b455f473c.jpg]
[sea.newchic.com/shirts-12209/p-1570025a6b5.html]
[imgaz1.chiccdn.com/thumb/view/oaupload/ser1/newchic/images/3D/B3/953279c9-087d-47b1-8af0-76a5495bc66d.jpg]
[imgaz1.chiccdn.com/thumb/view/oaupload/ser1/newchic/images/45/79/540506f0-ad3d-4b6e-a059-277b8452566a.jpg]
[sea.newchic.com/charmkpr-shirts-12209/p-1714990a6b5.html]
[imgaz1.chiccdn.com/thumb/view/oaupload/newchic/images/33/CD/d8ff59c5-02fe-4f8a-aad1-68c2ee383da1.jpg]
[imgaz1.chiccdn.com/thumb/view/oaupload/newchic/images/53/0B/bdb5387a-a5cf-437c-9cb8-71760e80c13d.jpg]
[imgaz1.chiccdn.com/thumb/view/oaupload/newchic/images/13/2C/08d00b81-0496-469d-a5fd-40048734838b.jpg]
[sea.newchic.com/incerun-henley-shirts-12211/p-1574622a6b5.html]
[sea.newchic.com/charmkpr-shirts-12209/p-1649887a6b5.html]
[imgaz1.chiccdn.com/thumb/view/oaupload/newchic/images/66/C2/7b1d42a9-1b2a-4dde-b471-2a34f00ed585.jpg]
[imgaz1.chiccdn.com/thumb/view/oaupload/newchic/images/CF/5B/5b194f6f-cc69-4be2-ac31-925372953d9f.jpg]
[imgaz1.chiccdn.com/thumb/view/oaupload/newchic/images/91/7B/9b5e9cff-7c87-4a46-bf89-2cb3277635a1.jpg]
[sea.newchic.com/shirts-12209/p-1551747a6b5.html]
[imgaz1.chiccdn.com/thumb/view/oaupload/ser1/newchic/images/8C/D4/603e2a73-7087-4c86-b67d-0747454dcd53.jpg]
[imgaz1.chiccdn.com/thumb/view/oaupload/ser1/newchic/images/72/83/4bb15ed4-ffe0-4052-b41c-fa1cfd851a88.jpg]
[sea.newchic.com/incerun-shirts-12209/p-1547449a6b5.html]
[imgaz1.chiccdn.com/thumb/view/oaupload/ser1/newchic/images/A2/24/91d66b11-65ce-4a8f-aa22-ce1832b23fee.jpg]
[imgaz1.chiccdn.com/thumb/view/oaupload/ser1/newchic/images/BF/15/87a8ccdc-feaa-4f79-87d5-7e5d4282d9fd.jpg]
[imgaz1.chiccdn.com/thumb/view/oaupload/ser1/newchic/images/5D/92/c423ce41-91f6-4955-b9ab-b4716a698924.jpg]
[imgaz1.chiccdn.com/thumb/view/oaupload/ser1/newchic/images/79/F9/f2fec71e-b016-4d8a-9317-bf4479d50c77.jpg]
[sea.newchic.com/henley-shirts-12211/p-1561765a6b5.html]
[imgaz1.chiccdn.com/thumb/view/oaupload/ser1/newchic/images/42/68/e1be4944-edf0-4463-9f60-ea08cf2607f5.jpg]
[sea.newchic.com/incerun-henley-shirts-12211/p-1637915a6b5.html]
[imgaz1.chiccdn.com/thumb/view/oaupload/ser1/newchic/images/D7/32/742ec2df-a2ca-439c-a514-6a0751ed99a2.jpg]
[imgaz1.chiccdn.com/thumb/view/oaupload/ser1/newchic/images/96/D0/0a36f202-7249-4ba9-a74f-24bd0e905718.jpg]
[imgaz1.chiccdn.com/thumb/view/oaupload/ser1/newchic/images/EF/A0/d88cc79a-8ebc-4597-9d93-6488de017cd0.jpg]
[imgaz1.chiccdn.com/thumb/view/oaupload/ser1/newchic/images/CF/C4/2977ed5c-bf4b-40b5-9455-eaa068520c3b.jpg]
[imgaz1.chiccdn.com/thumb/view/oaupload/ser1/newchic/images/C1/28/11100480-65a7-4f17-b135-73f888ce60fc.jpg]
[sea.newchic.com/shirts-12209/p-1641656a6b5.html]
[imgaz1.chiccdn.com/thumb/view/oaupload/ser1/newchic/images/77/2B/d1a1ed66-cffa-4027-bed3-e1cb85ac8bf8.jpg]
[sea.newchic.com/two-sided-shirts-12209/p-1551748a6b5.html]
[imgaz1.chiccdn.com/thumb/view/oaupload/ser1/newchic/images/AA/44/89b6ea6c-44b0-4dc5-ad35-95caf9981e7b.jpg]
[imgaz1.chiccdn.com/thumb/view/oaupload/ser1/newchic/images/7A/0D/49458d27-7d24-4e95-a32f-6cdc97f59882.jpg]
[sea.newchic.com/charmkpr-shirts-12209/p-1534283a6b5.html]
[imgaz1.chiccdn.com/thumb/view/oaupload/newchic/images/37/BA/d64d8955-0a84-4999-901b-cba15fac4318.jpg]
[imgaz1.chiccdn.com/thumb/view/oaupload/newchic/images/CE/E6/07691a9f-5468-4ef9-baa2-2934c062f1be.jpg]
[imgaz1.chiccdn.com/thumb/view/oaupload/newchic/images/53/50/0c445660-0c01-4e9b-9045-571a95cc3057.jpg]
[sea.newchic.com/shirts-12209/p-1650405a6b5.html]
[imgaz1.chiccdn.com/thumb/view/oaupload/newchic/images/03/8E/8288db93-1ac7-4d42-a6a3-8052de7bcaff.jpg]
[imgaz1.chiccdn.com/thumb/view/oaupload/newchic/images/89/FB/d24c93f1-098e-44d1-8c3d-58b7d3c1d396.jpg]
[imgaz1.chiccdn.com/thumb/view/oaupload/ser1/newchic/images/BA/9E/29925de6-4794-4beb-80da-d83377928d0e.jpg]
[sea.newchic.com/shirts-12209/p-1574715a6b5.html]
[imgaz1.chiccdn.com/thumb/view/oaupload/newchic/images/17/D9/eed56e0e-e45d-4f04-b5e8-c492fbbf70a3.jpg]
[sea.newchic.com/charmkpr-shirts-12209/p-1720070a6b5.html]
[sea.newchic.com/shirts-12209/p-1571539a6b5.html]
[imgaz1.chiccdn.com/thumb/view/oaupload/ser1/newchic/images/93/20/76afcf35-095f-4804-8775-239e011a314d.jpg]
[imgaz1.chiccdn.com/thumb/view/oaupload/ser1/newchic/images/D0/FF/c5481332-5570-49a9-b484-53a0d83f049e.jpg]
[imgaz1.chiccdn.com/thumb/view/oaupload/ser1/newchic/images/6A/E9/9474aff2-09f2-4f3e-a70d-99d5455a9e52.jpg]
[imgaz1.chiccdn.com/thumb/view/oaupload/ser1/newchic/images/90/BB/97a8d389-8844-40c2-9809-0eb3ce7ff601.jpg]
[imgaz1.chiccdn.com/thumb/view/oaupload/newchic/images/1F/0D/0b21be86-f353-4f65-9c70-9b20c91077f4.jpg]
[sea.newchic.com/charmkpr-shirts-12209/p-1723842a6b5.html]
[sea.newchic.com/shirts-12209/p-1543966a6b5.html]
[imgaz1.chiccdn.com/thumb/view/oaupload/ser1/newchic/images/7B/28/259d7285-28d0-435e-bf6a-94110aa00959.jpg]
[imgaz1.chiccdn.com/thumb/view/oaupload/ser1/newchic/images/49/0A/44cee860-9ea4-4d12-bc23-9003a5febaa5.jpg]
[imgaz1.chiccdn.com/thumb/view/oaupload/ser1/newchic/images/F0/30/6d6d5605-8b94-48aa-b684-bf2da7514fac.jpg]
[static.chiccdn.com/web/assets/images/common/no-data.png]
[sea.newchic.com/tempages-Newchic-6th-anniversary-Saving-Tips/tid-9565cc94.html]
[imgaz1.chiccdn.com/os/202008/20200817030931_229.jpg]
[imgaz1.chiccdn.com/thumb/view/oaupload/ser1/newchic/images/83/2E/b6496cd4-cf93-4525-bcb0-e5342f75dd52.jpg]
[sea.newchic.com/theme-long-sleeve-in-t-341065/index.html]
[sea.newchic.com/men-hoodies-and-sweatshirts-c-3588/index.html]
[sea.newchic.com/short-sleeve-shirts-c-9149/index.html]
[sea.newchic.com/men-coats-and-jackets-c-3582/index.html]
[sea.newchic.com/t-shirts-c-3583/index.html]
[sea.newchic.com/men-tees-and-tank-top-c-3583/indexd319.html]
[sea.newchic.com/bottoms-c-3587/index.html]
[sea.newchic.com/pants-c-4975/index.html]
[sea.newchic.com/mens-shorts-c-4976/index.html]
[sea.newchic.com/underwear-c-4290/index.html]
[sea.newchic.com/swimwear-c-5078/index.html]
[sea.newchic.com/sleepandlounge-c-4948/index.html]
[sea.newchic.com/activewear-c-4427/index.html]
[sea.newchic.com/men-shirts-c-3584/index.html]
[static.chiccdn.com/web/build/pages/select-tool/index.a79440a1.js]
[sea.newchic.com/tempages-Cool-Day-Sale/tid-11298e4ed.html]
[imgaz1.chiccdn.com/myos/2020/0826/20200826030341_254.jpg]
[sea.newchic.com/t-shirts-12208/p-1650559f225.html]
[sea.newchic.com/t-shirts-12208/p-1655420f225.html]
[sea.newchic.com/t-shirts-12208/p-1672803f225.html]
[sea.newchic.com/t-shirts-12208/p-1677859f225.html]
[sea.newchic.com/t-shirts-12208/p-1682324f225.html]
[sea.newchic.com/t-shirts-12208/p-1690537f225.html]
[sea.newchic.com/t-shirts-12208/p-1693369f225.html]
[sea.newchic.com/t-shirts-12208/p-1693905f225.html]
[sea.newchic.com/t-shirts-12208/p-1709334f225.html]
[sea.newchic.com/t-shirts-12208/p-1711432f225.html]
[sea.newchic.com/t-shirts-12208/p-1716144f225.html]
[sea.newchic.com/shirts-12209/p-1719734f225.html]
[sea.newchic.com/t-shirts-12208/p-1723226f225.html]
[sea.newchic.com/t-shirts-12208/p-1723261f225.html]
[sea.newchic.com/t-shirts-12208/p-1723319f225.html]
[sea.newchic.com/shirts-12209/p-1727726f225.html]
[sea.newchic.com/shirts-12209/p-1728497f225.html]
[sea.newchic.com/t-shirts-12208/p-1729689f225.html]
[sea.newchic.com/shirts-12209/p-1731009f225.html]
[sea.newchic.com/shirts-12209/p-1731012f225.html]
[sea.newchic.com/t-shirts-12208/p-1709314f225.html]
[sea.newchic.com/t-shirts-12208/p-1729686f225.html]
[sea.newchic.com/charmkpr-shirts-12209/p-1721725f225.html]
[sea.newchic.com/t-shirts-12208/p-1711505f225.html]
[sea.newchic.com/t-shirts-12208/p-1706267f225.html]
[sea.newchic.com/t-shirts-12208/p-1693929f225.html]
[sea.newchic.com/t-shirts-12208/p-1673303f225.html]
[sea.newchic.com/t-shirts-12208/p-1703494f225.html]
[sea.newchic.com/t-shirts-12208/p-1688719f225.html]
[sea.newchic.com/t-shirts-12208/p-1673307f225.html]
[imgaz1.chiccdn.com/myos/2020/0724/20200724214824_356.png]
[sea.newchic.com/sneakersandathletic-3622/p-1707408f225.html]
[sea.newchic.com/flats-3616/p-1687903f225.html]
[sea.newchic.com/flats-3616/p-1697458f225.html]
[sea.newchic.com/flats-3616/p-1696409f225.html]
[sea.newchic.com/flats-3616/p-1710699f225.html]
[sea.newchic.com/flats-3616/p-1686659f225.html]
[sea.newchic.com/flats-3616/p-1726600f225.html]
[sea.newchic.com/sneakersandathletic-3622/p-1726217f225.html]
[sea.newchic.com/-menico-flats-3616/p-1713666f225.html]
[sea.newchic.com/sneakersandathletic-3622/p-1728292f225.html]
[sea.newchic.com/shirts-12209/p-1661282f225.html]
[sea.newchic.com/e-ekphero-chic-wallet-3614/p-1676960f225.html]
[sea.newchic.com/e-ekphero-crossbody-bags-3613/p-1494712f225.html]
[sea.newchic.com/t-shirts-12208/p-1656212f225.html]
[sea.newchic.com/t-shirts-12208/p-1685394f225.html]
[sea.newchic.com/shirts-12209/p-1527110f225.html]
[sea.newchic.com/shirts-12209/p-1687607f225.html]
[sea.newchic.com/tempages-Cool-Day-Sale/tid-11298cdb8.html]
[sea.newchic.com/handbags-3609/p-1205197f225.html]
[sea.newchic.com/new-arrivals/mens-clothing-3581/index.html]
[sea.newchic.com/charmkpr-brand-39.html]
[static.chiccdn.com/web/build/pages/brand/brand-detail/index.5493f403.css]
[imgaz1.chiccdn.com/os/nc_brand/202004/20200416025724_831.jpg]
[sea.newchic.com/charmkpr-shirts-12209/p-1662372.html]
[sea.newchic.com/charmkpr-shirts-12209/p-1644753.html]
[sea.newchic.com/charmkpr-shirts-12209/p-1649887.html]
[imgaz1.chiccdn.com/thumb/view/oaupload/newchic/images/6D/59/4b211a09-05d8-4db7-bb8e-104744ee113b.jpg]
[imgaz1.chiccdn.com/thumb/view/oaupload/newchic/images/11/09/a2d5d4bd-fe49-425c-aa04-d6acbc7cfea5.jpg]
[imgaz1.chiccdn.com/thumb/view/oaupload/newchic/images/60/07/ca9e01b4-0c3d-4eb2-aa38-faa33e5cbb46.jpg]
[imgaz1.chiccdn.com/thumb/view/oaupload/newchic/images/ED/D5/8f68f3bb-f170-4b7e-966b-3ab681ce8277.jpg]
[imgaz1.chiccdn.com/thumb/view/oaupload/ser1/newchic/images/18/2E/fc4df957-5347-47a8-a918-2b70fe9d2e6a.jpg]
[imgaz1.chiccdn.com/thumb/view/oaupload/newchic/images/D2/43/ee83e3eb-b3c5-4f40-a77c-6e8300925fa6.jpg]
[imgaz1.chiccdn.com/thumb/view/oaupload/newchic/images/B1/19/f20cbe02-3161-41c3-9b8a-65500f898608.jpg]
[sea.newchic.com/charmkpr-shirts-12209/p-1644845.html]
[imgaz1.chiccdn.com/thumb/view/oaupload/newchic/images/9A/03/94c7926b-9a69-4311-a850-9ceee0a598f2.jpg]
[imgaz1.chiccdn.com/thumb/view/oaupload/newchic/images/8B/6C/de63d8db-eb6d-4301-83cb-20d07178caf4.jpg]
[imgaz1.chiccdn.com/thumb/view/oaupload/newchic/images/52/37/c53bdf4a-9955-4bb2-9454-0d324e034aa1.jpg]
[sea.newchic.com/charmkpr-shirts-12209/p-1662784.html]
[imgaz1.chiccdn.com/thumb/view/oaupload/newchic/images/D4/F6/cb270942-4471-4ac1-b19a-f6ed6a6cf1ae.jpg]
[imgaz1.chiccdn.com/thumb/view/oaupload/newchic/images/7F/CE/59124483-7e09-4eb6-aea7-1231362278e4.jpg]
[imgaz1.chiccdn.com/thumb/view/oaupload/newchic/images/7D/BD/2681fce8-3c86-47dd-ae52-fddd1566d612.jpg]
[imgaz1.chiccdn.com/thumb/view/oaupload/newchic/images/A9/BA/46de5a7e-1dba-49a4-81ea-7ea3a4615c7b.jpg]
[imgaz1.chiccdn.com/thumb/view/oaupload/newchic/images/5D/CC/640003cb-be55-4168-97eb-e1c7c887403c.jpg]
[sea.newchic.com/charmkpr-shirts-12209/p-1677991.html]
[imgaz1.chiccdn.com/thumb/view/oaupload/newchic/images/1D/26/5f1daba2-3043-42ed-a930-272d8fca89bb.jpg]
[sea.newchic.com/charmkpr-shirts-12209/p-1677988.html]
[imgaz1.chiccdn.com/thumb/view/oaupload/newchic/images/E1/A3/b1322050-7060-4a9a-a3bd-2330fdbc26ff.jpg]
[imgaz1.chiccdn.com/thumb/view/oaupload/newchic/images/5D/03/709141a4-288e-4311-9f79-6eddaa342460.jpg]
[imgaz1.chiccdn.com/thumb/view/oaupload/newchic/images/FB/92/d12f2f67-72ed-4661-b11f-63ad479041e5.jpg]
[sea.newchic.com/charmkpr-pants-4975/p-1285524.html]
[imgaz1.chiccdn.com/thumb/view/oaupload/ser1/newchic/images/55/60/4da21dba-c700-4337-bd80-640da97dccb5.jpg]
[imgaz1.chiccdn.com/thumb/view/oaupload/ser1/newchic/images/3F/6B/e6a3d9c8-7327-4392-9660-4d10e952d7b0.jpg]
[imgaz1.chiccdn.com/thumb/view/oaupload/ser1/newchic/images/99/5B/57cead85-a9fc-473d-b4ac-35c4e3503809.jpg]
[imgaz1.chiccdn.com/thumb/view/oaupload/ser1/newchic/images/63/63/a1b209ec-ab12-4bc0-94c6-f1d2d2865ff2.jpg]
[sea.newchic.com/charmkpr-shirts-12209/p-1496404.html]
[imgaz1.chiccdn.com/thumb/view/oaupload/newchic/images/25/4C/50f451e6-ca2b-46f6-a6c1-97171a27e857.jpg]
[imgaz1.chiccdn.com/thumb/view/oaupload/newchic/images/4A/F5/307c8b5c-2eaa-4c32-9d79-7590aa0fdadf.jpg]
[sea.newchic.com/charmkpr-shirts-12209/p-1644410.html]
[imgaz1.chiccdn.com/thumb/view/oaupload/newchic/images/60/05/06641d2f-d046-4e4c-9696-0302b1a8f0a9.jpg]
[imgaz1.chiccdn.com/thumb/view/oaupload/newchic/images/6C/B1/a17e316a-ba3d-42ff-9811-3cdb30dad598.jpg]
[imgaz1.chiccdn.com/thumb/view/oaupload/newchic/images/C6/6B/279f9bc2-91a0-4334-ae27-ebb8fd1dc95c.jpg]
[imgaz1.chiccdn.com/thumb/view/oaupload/newchic/images/22/7B/8dec4b3e-638c-4055-ae9c-0bde222557ab.jpg]
[sea.newchic.com/charmkpr-shirts-12209/p-1661442.html]
[imgaz1.chiccdn.com/thumb/view/oaupload/newchic/images/C0/0F/cb9ce59b-6843-4b46-8bd3-b46d59b745a2.jpg]
[imgaz1.chiccdn.com/thumb/view/oaupload/newchic/images/07/3E/c7bbbb97-ba72-47a5-a009-cfb8f396c3dc.jpg]
[imgaz1.chiccdn.com/thumb/view/oaupload/newchic/images/B5/87/d3fd53d0-d601-4032-bffe-d77f0831c11d.jpg]
[sea.newchic.com/charmkpr-shirts-12209/p-1727996.html]
[sea.newchic.com/charmkpr-shirts-12209/p-1727997.html]
[sea.newchic.com/charmkpr-shirts-12209/p-1727998.html]
[sea.newchic.com/charmkpr-shirts-12209/p-1714993.html]
[sea.newchic.com/charmkpr-shirts-12209/p-1728000.html]
[sea.newchic.com/charmkpr-shirts-12209/p-1714992.html]
[sea.newchic.com/charmkpr-t-shirts-12208/p-1689337.html]
[sea.newchic.com/charmkpr-shirts-12209/p-1671642.html]
[imgaz1.chiccdn.com/thumb/view/oaupload/newchic/images/BC/B6/154943b4-bd81-4a24-a9b6-a420945580ce.jpg]
[sea.newchic.com/charmkpr-pajamas-sets-6150/p-1711299.html]
[imgaz1.chiccdn.com/thumb/view/oaupload/newchic/images/84/42/fcfc785e-ae95-4a51-8de8-bad3d412bbcf.jpg]
[imgaz1.chiccdn.com/thumb/view/oaupload/newchic/images/11/DF/ab8bed3c-24d2-4373-b7c9-da1d0ca8f501.jpg]
[imgaz1.chiccdn.com/thumb/view/oaupload/newchic/images/64/32/4d805018-34a7-436b-bc6e-946f5ab5a72b.jpg]
[imgaz1.chiccdn.com/thumb/view/oaupload/newchic/images/F1/20/560b1565-f5ac-4ffc-984c-1a740bea42dd.jpg]
[sea.newchic.com/charmkpr-brand-39ec31.html]
[sea.newchic.com/charmkpr-shirts-12209/p-1728003.html]
[sea.newchic.com/charmkpr-brand-397fe8.html]
[sea.newchic.com/womens-clothing-c-3578/index.html]
[sea.newchic.com/womens-tops-c-3604/index.html]
[sea.newchic.com/women-blouses-and-shirts-c-3689/index.html]
[sea.newchic.com/women-t-shirts-c-3666/index.html]
[sea.newchic.com/womens-bottoms-c-3607/index.html]
[sea.newchic.com/pants-and-capris-c-3674/index.html]
[sea.newchic.com/jumpsuits-and-rompers-c-3702/index.html]
[sea.newchic.com/dresses-c-3603/index.html]
[sea.newchic.com/vintage-dresses-c-3664/index.html]
[sea.newchic.com/print-dresses-c-3677/index.html]
[sea.newchic.com/lingerie-c-3606/index.html]
[sea.newchic.com/panties-c-4182/index.html]
[sea.newchic.com/bra-and-bra-set-c-4183/index.html]
[sea.newchic.com/sexy-lingerie-c-4184/index.html]
[sea.newchic.com/shapewear-c-4186/index.html]
[sea.newchic.com/pajamas-and-robes-c-4185/index.html]
[sea.newchic.com/womens-swimwear-c-4281/index.html]
[sea.newchic.com/plus-size-swimwear-c-6310/index.html]
[sea.newchic.com/athleisure-c-4414/index.html]
[sea.newchic.com/tempages-Women-Swimsuit-Sale/tid-7963f3fc.html]
[sea.newchic.com/nc/cheetah-print-dress.html]
